Archive member included to satisfy reference by file (symbol)

app/libapp.a(main.c.obj)      (--whole-archive)
app/libapp.a(memory_manager.c.obj)
                              (--whole-archive)
zephyr/libzephyr.a(cbprintf_packaged.c.obj)
                              (--whole-archive)
zephyr/libzephyr.a(dec.c.obj)
                              (--whole-archive)
zephyr/libzephyr.a(fdtable.c.obj)
                              (--whole-archive)
zephyr/libzephyr.a(hex.c.obj)
                              (--whole-archive)
zephyr/libzephyr.a(printk.c.obj)
                              (--whole-archive)
zephyr/libzephyr.a(rb.c.obj)  (--whole-archive)
zephyr/libzephyr.a(sem.c.obj)
                              (--whole-archive)
zephyr/libzephyr.a(thread_entry.c.obj)
                              (--whole-archive)
zephyr/libzephyr.a(timeutil.c.obj)
                              (--whole-archive)
zephyr/libzephyr.a(heap.c.obj)
                              (--whole-archive)
zephyr/libzephyr.a(heap-validate.c.obj)
                              (--whole-archive)
zephyr/libzephyr.a(bitarray.c.obj)
                              (--whole-archive)
zephyr/libzephyr.a(multi_heap.c.obj)
                              (--whole-archive)
zephyr/libzephyr.a(onoff.c.obj)
                              (--whole-archive)
zephyr/libzephyr.a(notify.c.obj)
                              (--whole-archive)
zephyr/libzephyr.a(crc32c_sw.c.obj)
                              (--whole-archive)
zephyr/libzephyr.a(crc32_sw.c.obj)
                              (--whole-archive)
zephyr/libzephyr.a(crc16_sw.c.obj)
                              (--whole-archive)
zephyr/libzephyr.a(crc8_sw.c.obj)
                              (--whole-archive)
zephyr/libzephyr.a(crc7_sw.c.obj)
                              (--whole-archive)
zephyr/libzephyr.a(cbprintf_complete.c.obj)
                              (--whole-archive)
zephyr/libzephyr.a(cbprintf.c.obj)
                              (--whole-archive)
zephyr/libzephyr.a(assert.c.obj)
                              (--whole-archive)
zephyr/libzephyr.a(reboot.c.obj)
                              (--whole-archive)
zephyr/libzephyr.a(configs.c.obj)
                              (--whole-archive)
zephyr/libzephyr.a(soc.c.obj)
                              (--whole-archive)
zephyr/libzephyr.a(power.c.obj)
                              (--whole-archive)
zephyr/libzephyr.a(sync_rtc.c.obj)
                              (--whole-archive)
zephyr/libzephyr.a(soc_nrf_common.S.obj)
                              (--whole-archive)
zephyr/libzephyr.a(soc_secure.c.obj)
                              (--whole-archive)
zephyr/libzephyr.a(validate_base_addresses.c.obj)
                              (--whole-archive)
zephyr/libzephyr.a(validate_enabled_instances.c.obj)
                              (--whole-archive)
zephyr/libzephyr.a(nvs.c.obj)
                              (--whole-archive)
zephyr/libzephyr.a(log_core.c.obj)
                              (--whole-archive)
zephyr/libzephyr.a(log_mgmt.c.obj)
                              (--whole-archive)
zephyr/libzephyr.a(log_cache.c.obj)
                              (--whole-archive)
zephyr/libzephyr.a(log_msg.c.obj)
                              (--whole-archive)
zephyr/libzephyr.a(log_output.c.obj)
                              (--whole-archive)
zephyr/libzephyr.a(log_backend_uart.c.obj)
                              (--whole-archive)
zephyr/libzephyr.a(pm.c.obj)  (--whole-archive)
zephyr/libzephyr.a(policy.c.obj)
                              (--whole-archive)
zephyr/libzephyr.a(state.c.obj)
                              (--whole-archive)
zephyr/libzephyr.a(tracing_none.c.obj)
                              (--whole-archive)
zephyr/libzephyr.a(flash_map_partition_manager.c.obj)
                              (--whole-archive)
zephyr/arch/common/libarch__common.a(sw_isr_common.c.obj)
                              (--whole-archive)
zephyr/arch/arch/arm/core/aarch32/libarch__arm__core__aarch32.a(cpu_idle.S.obj)
                              (--whole-archive)
zephyr/arch/arch/arm/core/aarch32/libarch__arm__core__aarch32.a(fatal.c.obj)
                              (--whole-archive)
zephyr/arch/arch/arm/core/aarch32/libarch__arm__core__aarch32.a(irq_manage.c.obj)
                              (--whole-archive)
zephyr/arch/arch/arm/core/aarch32/libarch__arm__core__aarch32.a(nmi.c.obj)
                              (--whole-archive)
zephyr/arch/arch/arm/core/aarch32/libarch__arm__core__aarch32.a(nmi_on_reset.S.obj)
                              (--whole-archive)
zephyr/arch/arch/arm/core/aarch32/libarch__arm__core__aarch32.a(prep_c.c.obj)
                              (--whole-archive)
zephyr/arch/arch/arm/core/aarch32/libarch__arm__core__aarch32.a(swap.c.obj)
                              (--whole-archive)
zephyr/arch/arch/arm/core/aarch32/libarch__arm__core__aarch32.a(swap_helper.S.obj)
                              (--whole-archive)
[...]
Memory Configuration

Name             Origin             Length             Attributes
FLASH            0x0000000000008000 0x00000000000f0000 xr
RAM              0x0000000020008000 0x0000000000078000 xw
IDT_LIST         0x00000000fffff7ff 0x0000000000000800 xw
*default*        0x0000000000000000 0xffffffffffffffff

Linker script and memory map

LOAD zephyr/CMakeFiles/zephyr_pre1.dir/misc/empty_file.c.obj
LOAD zephyr/CMakeFiles/zephyr_pre1.dir/dev_handles.c.obj
LOAD app/libapp.a
LOAD zephyr/libzephyr.a
LOAD zephyr/arch/common/libarch__common.a
LOAD zephyr/arch/arch/arm/core/aarch32/libarch__arm__core__aarch32.a
LOAD zephyr/arch/arch/arm/core/aarch32/cortex_m/libarch__arm__core__aarch32__cortex_m.a
LOAD zephyr/arch/arch/arm/core/aarch32/cortex_m/cmse/libarch__arm__core__aarch32__cortex_m__cmse.a
LOAD zephyr/arch/arch/arm/core/aarch32/mpu/libarch__arm__core__aarch32__mpu.a
LOAD zephyr/lib/libc/minimal/liblib__libc__minimal.a
LOAD zephyr/soc/arm/common/cortex_m/libsoc__arm__common__cortex_m.a
LOAD zephyr/subsys/random/libsubsys__random.a
LOAD zephyr/drivers/clock_control/libdrivers__clock_control.a
LOAD zephyr/drivers/console/libdrivers__console.a
LOAD zephyr/drivers/entropy/libdrivers__entropy.a
LOAD zephyr/drivers/flash/libdrivers__flash.a
LOAD zephyr/drivers/gpio/libdrivers__gpio.a
LOAD zephyr/drivers/mbox/libdrivers__mbox.a
LOAD zephyr/drivers/pinctrl/libdrivers__pinctrl.a
LOAD zephyr/drivers/serial/libdrivers__serial.a
LOAD zephyr/drivers/timer/libdrivers__timer.a
LOAD modules/nrf/lib/fatal_error/lib..__nrf__lib__fatal_error.a
LOAD modules/nrf/modules/tfm/zephyr/libtfm_api_nrf.a
LOAD modules/trusted-firmware-m/libtfm_api.a
LOAD modules/hal_nordic/nrfx/libmodules__hal_nordic__nrfx.a
LOAD modules/nrfxlib/nrfxlib/nrf_security/src/zephyr/libmbedtls_zephyr.a
LOAD zephyr/kernel/libkernel.a
LOAD zephyr/CMakeFiles/offsets.dir/./arch/arm/core/offsets/offsets.c.obj
LOAD c:/ncs/toolchains/31f4403e35/opt/zephyr-sdk/arm-zephyr-eabi/bin/../lib/gcc/arm-zephyr-eabi/12.2.0/thumb/v8-m.main/nofp\libgcc.a
LOAD zephyr/arch/common/libisr_tables.a
LOAD tfm/secure_fw/s_veneers.o
LOAD modules/nrfxlib/nrfxlib/nrf_security/src/libmbedcrypto.a
LOAD C:/ncs/v2.4.2/nrfxlib/crypto/nrf_oberon/lib/cortex-m33/soft-float/liboberon_mbedtls_3.0.13.a
LOAD modules/nrfxlib/nrfxlib/nrf_security/src/libmbedcrypto_base.a
LOAD C:/ncs/v2.4.2/nrfxlib/crypto/nrf_oberon/lib/cortex-m33/soft-float/liboberon_3.0.13.a
                0x0000000000000020                _region_min_align = 0x20

.rel.plt        0x0000000000008000        0x0
 *(SORT_BY_ALIGNMENT(.rel.plt))
                [!provide]                        PROVIDE (__rel_iplt_start = .)
 *(SORT_BY_ALIGNMENT(.rel.iplt))
 .rel.iplt      0x0000000000008000        0x0 app/libapp.a(main.c.obj)
                [!provide]                        PROVIDE (__rel_iplt_end = .)

.rela.plt       0x0000000000000000        0x0
 *(SORT_BY_ALIGNMENT(.rela.plt))
                [!provide]                        PROVIDE (__rela_iplt_start = .)
 *(SORT_BY_ALIGNMENT(.rela.iplt))
                [!provide]                        PROVIDE (__rela_iplt_end = .)

.rel.dyn
 *(SORT_BY_ALIGNMENT(.rel.*))

.rela.dyn
 *(SORT_BY_ALIGNMENT(.rela.*))

/DISCARD/
 *(SORT_BY_ALIGNMENT(.plt))

/DISCARD/
 *(SORT_BY_ALIGNMENT(.iplt))
                0x0000000000008000                __rom_region_start = 0x8000

rom_start       0x0000000000008000      0x154
                0x0000000000000000                . = 0x0
                0x0000000000000000                . = ALIGN (0x4)
                0x0000000000000000                . = ALIGN (0x80)
                0x0000000000000000                . = ALIGN (0x200)
                0x0000000000008000                _vector_start = .
 *(SORT_BY_ALIGNMENT(.exc_vector_table))
 *(SORT_BY_ALIGNMENT(.exc_vector_table.*))
 .exc_vector_table._vector_table_section
                0x0000000000008000       0x40 zephyr/arch/arch/arm/core/aarch32/cortex_m/libarch__arm__core__aarch32__cortex_m.a(vector_table.S.obj)
                0x0000000000008000                _vector_table
 *(SORT_BY_ALIGNMENT(.vectors))
                0x0000000000008154                _vector_end = .
                0x0000000000008040                . = ALIGN (0x4)
 *(SORT_BY_ALIGNMENT(.gnu.linkonce.irq_vector_table*))
 .gnu.linkonce.irq_vector_table
                0x0000000000008040      0x114 zephyr/arch/common/libisr_tables.a(isr_tables.c.obj)
                0x0000000000008040                _irq_vector_table
                0x0000000000008154                _vector_end = .

text            0x0000000000008154     0x8478
                0x0000000000008154                __text_region_start = .
 *(SORT_BY_ALIGNMENT(.text))
 .text          0x0000000000008154       0x30 c:/ncs/toolchains/31f4403e35/opt/zephyr-sdk/arm-zephyr-eabi/bin/../lib/gcc/arm-zephyr-eabi/12.2.0/thumb/v8-m.main/nofp\libgcc.a(_aeabi_uldivmod.o)
                0x0000000000008154                __aeabi_uldivmod
 .text          0x0000000000008184        0x4 c:/ncs/toolchains/31f4403e35/opt/zephyr-sdk/arm-zephyr-eabi/bin/../lib/gcc/arm-zephyr-eabi/12.2.0/thumb/v8-m.main/nofp\libgcc.a(_dvmd_tls.o)
                0x0000000000008184                __aeabi_idiv0
                0x0000000000008184                __aeabi_ldiv0
 .text          0x0000000000008188      0x29c c:/ncs/toolchains/31f4403e35/opt/zephyr-sdk/arm-zephyr-eabi/bin/../lib/gcc/arm-zephyr-eabi/12.2.0/thumb/v8-m.main/nofp\libgcc.a(_udivmoddi4.o)
                0x0000000000008188                __udivmoddi4
 *(SORT_BY_ALIGNMENT(.text.*))
 .text.main     0x0000000000008424      0x150 app/libapp.a(main.c.obj)
                0x0000000000008424                main
 .text.memory_manager_init
                0x0000000000008574      0x124 app/libapp.a(memory_manager.c.obj)
                0x0000000000008574                memory_manager_init
 .text._find_item_index
                0x0000000000008698       0x40 app/libapp.a(memory_manager.c.obj)
                0x0000000000008698                _find_item_index
 .text.memory_load
                0x00000000000086d8       0x50 app/libapp.a(memory_manager.c.obj)
                0x00000000000086d8                memory_load
 .text.memory_save
                0x0000000000008728       0x74 app/libapp.a(memory_manager.c.obj)
                0x0000000000008728                memory_save
 .text.cbvprintf_package
                0x000000000000879c      0x3a8 zephyr/libzephyr.a(cbprintf_packaged.c.obj)
                0x000000000000879c                cbvprintf_package
 .text.__printk_hook_install
                0x0000000000008b44        0xc zephyr/libzephyr.a(printk.c.obj)
                0x0000000000008b44                __printk_hook_install
 .text.process_event
                0x0000000000008b50      0x21c zephyr/libzephyr.a(onoff.c.obj)
 .text.crc8_ccitt
                0x0000000000008d6c       0x2c zephyr/libzephyr.a(crc8_sw.c.obj)
                0x0000000000008d6c                crc8_ccitt
 .text.z_cbvprintf_impl
                0x0000000000008d98      0x764 zephyr/libzephyr.a(cbprintf_complete.c.obj)
                0x0000000000008d98                z_cbvprintf_impl
 .text.z_arm_on_enter_cpu_idle
                0x00000000000094fc       0x68 zephyr/libzephyr.a(soc.c.obj)
                0x00000000000094fc                z_arm_on_enter_cpu_idle
 .text.arch_busy_wait
                0x0000000000009564       0x24 zephyr/libzephyr.a(soc.c.obj)
                0x0000000000009564                arch_busy_wait
 .text.z_log_msg_runtime_create.constprop.0
                0x0000000000009588       0x24 zephyr/libzephyr.a(sync_rtc.c.obj)
 .text.sync_rtc_setup
                0x00000000000095ac       0xc8 zephyr/libzephyr.a(sync_rtc.c.obj)
 .text.rtc_cb   0x0000000000009674       0x44 zephyr/libzephyr.a(sync_rtc.c.obj)
 .text.mbox_callback
                0x00000000000096b8       0x70 zephyr/libzephyr.a(sync_rtc.c.obj)
 .text.z_arm_platform_init
                0x0000000000009728        0x4 zephyr/libzephyr.a(soc_nrf_common.S.obj)
                0x0000000000009728                z_arm_platform_init
 .text.nvs_flash_erase_sector
                0x000000000000972c       0x68 zephyr/libzephyr.a(nvs.c.obj)
 .text.nvs_recover_last_ate
                0x0000000000009794       0x90 zephyr/libzephyr.a(nvs.c.obj)
 .text.nvs_add_gc_done_ate
                0x0000000000009824       0x58 zephyr/libzephyr.a(nvs.c.obj)
 .text.nvs_gc   0x000000000000987c      0x1cc zephyr/libzephyr.a(nvs.c.obj)
 .text.nvs_mount
                0x0000000000009a48      0x3a4 zephyr/libzephyr.a(nvs.c.obj)
                0x0000000000009a48                nvs_mount
 .text.nvs_write
                0x0000000000009dec      0x1b8 zephyr/libzephyr.a(nvs.c.obj)
                0x0000000000009dec                nvs_write
 .text.nvs_read_hist
                0x0000000000009fa4       0xdc zephyr/libzephyr.a(nvs.c.obj)
                0x0000000000009fa4                nvs_read_hist
 .text.z_log_init.isra.0
                0x000000000000a080       0xd0 zephyr/libzephyr.a(log_core.c.obj)
 .text.log_format_func_t_get
                0x000000000000a150        0xc zephyr/libzephyr.a(log_core.c.obj)
                0x000000000000a150                log_format_func_t_get
 .text.log_set_timestamp_func
                0x000000000000a15c       0x20 zephyr/libzephyr.a(log_core.c.obj)
                0x000000000000a15c                log_set_timestamp_func
 .text.log_core_init
                0x000000000000a17c       0x28 zephyr/libzephyr.a(log_core.c.obj)
                0x000000000000a17c                log_core_init
 .text.z_impl_log_panic
                0x000000000000a1a4       0x3c zephyr/libzephyr.a(log_core.c.obj)
                0x000000000000a1a4                z_impl_log_panic
 .text.z_log_dropped
                0x000000000000a1e0       0x28 zephyr/libzephyr.a(log_core.c.obj)
                0x000000000000a1e0                z_log_dropped
 .text.z_log_msg_commit
                0x000000000000a208       0x38 zephyr/libzephyr.a(log_core.c.obj)
                0x000000000000a208                z_log_msg_commit
 .text.log_source_name_get
                0x000000000000a240       0x1c zephyr/libzephyr.a(log_mgmt.c.obj)
                0x000000000000a240                log_source_name_get
 .text.log_backend_enable
                0x000000000000a25c       0x28 zephyr/libzephyr.a(log_mgmt.c.obj)
                0x000000000000a25c                log_backend_enable
 .text.z_impl_z_log_msg_runtime_vcreate
                0x000000000000a284       0x8c zephyr/libzephyr.a(log_msg.c.obj)
                0x000000000000a284                z_impl_z_log_msg_runtime_vcreate
 .text.print_formatted
                0x000000000000a310       0x24 zephyr/libzephyr.a(log_output.c.obj)
 .text.newline_print
                0x000000000000a334       0x1c zephyr/libzephyr.a(log_output.c.obj)
 .text.log_output_process
                0x000000000000a350      0x2a4 zephyr/libzephyr.a(log_output.c.obj)
                0x000000000000a350                log_output_process
 .text.log_output_msg_process
                0x000000000000a5f4       0x6c zephyr/libzephyr.a(log_output.c.obj)
                0x000000000000a5f4                log_output_msg_process
 .text.log_output_timestamp_freq_set
                0x000000000000a660       0x2c zephyr/libzephyr.a(log_output.c.obj)
                0x000000000000a660                log_output_timestamp_freq_set
 .text.format_set
                0x000000000000a68c        0xc zephyr/libzephyr.a(log_backend_uart.c.obj)
 .text.panic    0x000000000000a698       0x14 zephyr/libzephyr.a(log_backend_uart.c.obj)
 .text.process  0x000000000000a6ac       0x24 zephyr/libzephyr.a(log_backend_uart.c.obj)
 .text.char_out
                0x000000000000a6d0       0x24 zephyr/libzephyr.a(log_backend_uart.c.obj)
 .text.pm_state_notify
                0x000000000000a6f4       0x5c zephyr/libzephyr.a(pm.c.obj)
 .text.pm_system_resume
                0x000000000000a750       0x70 zephyr/libzephyr.a(pm.c.obj)
                0x000000000000a750                pm_system_resume
 .text.pm_system_suspend
                0x000000000000a7c0       0xec zephyr/libzephyr.a(pm.c.obj)
                0x000000000000a7c0                pm_system_suspend
 .text.pm_policy_next_state
                0x000000000000a8ac       0x94 zephyr/libzephyr.a(policy.c.obj)
                0x000000000000a8ac                pm_policy_next_state
 .text.pm_state_cpu_get_all
                0x000000000000a940       0x10 zephyr/libzephyr.a(state.c.obj)
                0x000000000000a940                pm_state_cpu_get_all
 .text.z_arm_cpu_idle_init
                0x000000000000a950        0xc zephyr/arch/arch/arm/core/aarch32/libarch__arm__core__aarch32.a(cpu_idle.S.obj)
                0x000000000000a950                z_arm_cpu_idle_init
 .text.arch_cpu_idle
                0x000000000000a95c       0x28 zephyr/arch/arch/arm/core/aarch32/libarch__arm__core__aarch32.a(cpu_idle.S.obj)
                0x000000000000a95c                arch_cpu_idle
 .text.arch_cpu_atomic_idle
                0x000000000000a984       0x24 zephyr/arch/arch/arm/core/aarch32/libarch__arm__core__aarch32.a(cpu_idle.S.obj)
                0x000000000000a984                arch_cpu_atomic_idle
 .text.z_arm_fatal_error
                0x000000000000a9a8       0xa0 zephyr/arch/arch/arm/core/aarch32/libarch__arm__core__aarch32.a(fatal.c.obj)
                0x000000000000a9a8                z_arm_fatal_error
 .text.arch_irq_enable
                0x000000000000aa48       0x1c zephyr/arch/arch/arm/core/aarch32/libarch__arm__core__aarch32.a(irq_manage.c.obj)
                0x000000000000aa48                arch_irq_enable
 .text.arch_irq_disable
                0x000000000000aa64       0x28 zephyr/arch/arch/arm/core/aarch32/libarch__arm__core__aarch32.a(irq_manage.c.obj)
                0x000000000000aa64                arch_irq_disable
 .text.arch_irq_is_enabled
                0x000000000000aa8c       0x1c zephyr/arch/arch/arm/core/aarch32/libarch__arm__core__aarch32.a(irq_manage.c.obj)
                0x000000000000aa8c                arch_irq_is_enabled
 .text.z_arm_irq_priority_set
                0x000000000000aaa8       0x2c zephyr/arch/arch/arm/core/aarch32/libarch__arm__core__aarch32.a(irq_manage.c.obj)
                0x000000000000aaa8                z_arm_irq_priority_set
 .text.z_SysNmiOnReset
                0x000000000000aad4        0x8 zephyr/arch/arch/arm/core/aarch32/libarch__arm__core__aarch32.a(nmi_on_reset.S.obj)
                0x000000000000aad4                z_SysNmiOnReset
 .text.z_arm_prep_c
                0x000000000000aadc       0x38 zephyr/arch/arch/arm/core/aarch32/libarch__arm__core__aarch32.a(prep_c.c.obj)
                0x000000000000aadc                z_arm_prep_c
 .text.arch_swap
                0x000000000000ab14       0x34 zephyr/arch/arch/arm/core/aarch32/libarch__arm__core__aarch32.a(swap.c.obj)
                0x000000000000ab14                arch_swap
 .text.z_arm_pendsv
                0x000000000000ab48       0x60 zephyr/arch/arch/arm/core/aarch32/libarch__arm__core__aarch32.a(swap_helper.S.obj)
                0x000000000000ab48                z_arm_pendsv
 .text.z_arm_svc
                0x000000000000aba8       0x20 zephyr/arch/arch/arm/core/aarch32/libarch__arm__core__aarch32.a(swap_helper.S.obj)
                0x000000000000aba8                z_arm_svc
 .text.arch_new_thread
                0x000000000000abc8       0x3c zephyr/arch/arch/arm/core/aarch32/libarch__arm__core__aarch32.a(thread.c.obj)
                0x000000000000abc8                arch_new_thread
 .text.arch_switch_to_main_thread
                0x000000000000ac04       0x28 zephyr/arch/arch/arm/core/aarch32/libarch__arm__core__aarch32.a(thread.c.obj)
                0x000000000000ac04                arch_switch_to_main_thread
 .text._isr_wrapper
                0x000000000000ac2c       0x40 zephyr/arch/arch/arm/core/aarch32/libarch__arm__core__aarch32.a(isr_wrapper.S.obj)
                0x000000000000ac2c                _isr_wrapper
 .text._HandlerModeExit
                0x000000000000ac6c       0x1c zephyr/arch/arch/arm/core/aarch32/cortex_m/libarch__arm__core__aarch32__cortex_m.a(exc_exit.S.obj)
                0x000000000000ac6c                z_arm_int_exit
                0x000000000000ac6c                z_arm_exc_exit
 .text.mem_manage_fault.constprop.0
                0x000000000000ac88      0x130 zephyr/arch/arch/arm/core/aarch32/cortex_m/libarch__arm__core__aarch32__cortex_m.a(fault.c.obj)
 .text.bus_fault.constprop.0
                0x000000000000adb8      0x13c zephyr/arch/arch/arm/core/aarch32/cortex_m/libarch__arm__core__aarch32__cortex_m.a(fault.c.obj)
 .text.usage_fault.constprop.0
                0x000000000000aef4      0x128 zephyr/arch/arch/arm/core/aarch32/cortex_m/libarch__arm__core__aarch32__cortex_m.a(fault.c.obj)
 .text.z_arm_fault
                0x000000000000b01c      0x20c zephyr/arch/arch/arm/core/aarch32/cortex_m/libarch__arm__core__aarch32__cortex_m.a(fault.c.obj)
                0x000000000000b01c                z_arm_fault
 .text.z_arm_fault_init
                0x000000000000b228       0x18 zephyr/arch/arch/arm/core/aarch32/cortex_m/libarch__arm__core__aarch32__cortex_m.a(fault.c.obj)
                0x000000000000b228                z_arm_fault_init
 .text.__fault  0x000000000000b240       0x14 zephyr/arch/arch/arm/core/aarch32/cortex_m/libarch__arm__core__aarch32__cortex_m.a(fault_s.S.obj)
                0x000000000000b240                z_arm_usage_fault
                0x000000000000b240                z_arm_mpu_fault
                0x000000000000b240                z_arm_exc_spurious
                0x000000000000b240                z_arm_debug_monitor
                0x000000000000b240                z_arm_hard_fault
                0x000000000000b240                z_arm_bus_fault
 .text.z_arm_interrupt_init
                0x000000000000b254       0x18 zephyr/arch/arch/arm/core/aarch32/cortex_m/libarch__arm__core__aarch32__cortex_m.a(irq_init.c.obj)
                0x000000000000b254                z_arm_interrupt_init
 .text._reset_section
                0x000000000000b26c       0x60 zephyr/arch/arch/arm/core/aarch32/cortex_m/libarch__arm__core__aarch32__cortex_m.a(reset.S.obj)
                0x000000000000b26c                __start
                0x000000000000b26c                z_arm_reset
 .text.sys_arch_reboot
                0x000000000000b2cc       0x24 zephyr/arch/arch/arm/core/aarch32/cortex_m/libarch__arm__core__aarch32__cortex_m.a(scb.c.obj)
                0x000000000000b2cc                sys_arch_reboot
 .text.z_arm_clear_arm_mpu_config
                0x000000000000b2f0       0x24 zephyr/arch/arch/arm/core/aarch32/cortex_m/libarch__arm__core__aarch32__cortex_m.a(scb.c.obj)
                0x000000000000b2f0                z_arm_clear_arm_mpu_config
 .text.z_arm_init_arch_hw_at_boot
                0x000000000000b314       0x4c zephyr/arch/arch/arm/core/aarch32/cortex_m/libarch__arm__core__aarch32__cortex_m.a(scb.c.obj)
                0x000000000000b314                z_arm_init_arch_hw_at_boot
 .text.z_impl_k_thread_abort
                0x000000000000b360       0x2c zephyr/arch/arch/arm/core/aarch32/cortex_m/libarch__arm__core__aarch32__cortex_m.a(thread_abort.c.obj)
                0x000000000000b360                z_impl_k_thread_abort
 .text.z_arm_configure_static_mpu_regions
                0x000000000000b38c       0x38 zephyr/arch/arch/arm/core/aarch32/mpu/libarch__arm__core__aarch32__mpu.a(arm_core_mpu.c.obj)
                0x000000000000b38c                z_arm_configure_static_mpu_regions
 .text.region_init
                0x000000000000b3c4       0x34 zephyr/arch/arch/arm/core/aarch32/mpu/libarch__arm__core__aarch32__mpu.a(arm_mpu.c.obj)
 .text.region_allocate_and_init
                0x000000000000b3f8       0x38 zephyr/arch/arch/arm/core/aarch32/mpu/libarch__arm__core__aarch32__mpu.a(arm_mpu.c.obj)
 .text.mpu_configure_regions_and_partition.constprop.0
                0x000000000000b430      0x170 zephyr/arch/arch/arm/core/aarch32/mpu/libarch__arm__core__aarch32__mpu.a(arm_mpu.c.obj)
 .text.arm_core_mpu_enable
                0x000000000000b5a0       0x18 zephyr/arch/arch/arm/core/aarch32/mpu/libarch__arm__core__aarch32__mpu.a(arm_mpu.c.obj)
                0x000000000000b5a0                arm_core_mpu_enable
 .text.arm_core_mpu_disable
                0x000000000000b5b8       0x14 zephyr/arch/arch/arm/core/aarch32/mpu/libarch__arm__core__aarch32__mpu.a(arm_mpu.c.obj)
                0x000000000000b5b8                arm_core_mpu_disable
 .text.arm_core_mpu_configure_static_mpu_regions
                0x000000000000b5cc       0x14 zephyr/arch/arch/arm/core/aarch32/mpu/libarch__arm__core__aarch32__mpu.a(arm_mpu.c.obj)
                0x000000000000b5cc                arm_core_mpu_configure_static_mpu_regions
 .text.arm_core_mpu_mark_areas_for_dynamic_regions
                0x000000000000b5e0       0xb8 zephyr/arch/arch/arm/core/aarch32/mpu/libarch__arm__core__aarch32__mpu.a(arm_mpu.c.obj)
                0x000000000000b5e0                arm_core_mpu_mark_areas_for_dynamic_regions
 .text.z_arm_mpu_init
                0x000000000000b698       0x4c zephyr/arch/arch/arm/core/aarch32/mpu/libarch__arm__core__aarch32__mpu.a(arm_mpu.c.obj)
                0x000000000000b698                z_arm_mpu_init
 .text.__stdout_hook_install
                0x000000000000b6e4        0xc zephyr/lib/libc/minimal/liblib__libc__minimal.a(stdout_console.c.obj)
                0x000000000000b6e4                __stdout_hook_install
 .text.onoff_stop
                0x000000000000b6f0       0x30 zephyr/drivers/clock_control/libdrivers__clock_control.a(clock_control_nrf.c.obj)
 .text.onoff_start
                0x000000000000b720       0x44 zephyr/drivers/clock_control/libdrivers__clock_control.a(clock_control_nrf.c.obj)
 .text.clk_init
                0x000000000000b764       0x64 zephyr/drivers/clock_control/libdrivers__clock_control.a(clock_control_nrf.c.obj)
 .text.clkstarted_handle.constprop.0
                0x000000000000b7c8       0x34 zephyr/drivers/clock_control/libdrivers__clock_control.a(clock_control_nrf.c.obj)
 .text.clock_event_handler
                0x000000000000b7fc       0x30 zephyr/drivers/clock_control/libdrivers__clock_control.a(clock_control_nrf.c.obj)
 .text.generic_hfclk_start
                0x000000000000b82c       0x64 zephyr/drivers/clock_control/libdrivers__clock_control.a(clock_control_nrf.c.obj)
 .text.api_blocking_start
                0x000000000000b890       0x34 zephyr/drivers/clock_control/libdrivers__clock_control.a(clock_control_nrf.c.obj)
 .text.generic_hfclk_stop
                0x000000000000b8c4       0x34 zephyr/drivers/clock_control/libdrivers__clock_control.a(clock_control_nrf.c.obj)
 .text.z_nrf_clock_control_lf_on
                0x000000000000b8f8       0xf8 zephyr/drivers/clock_control/libdrivers__clock_control.a(clock_control_nrf.c.obj)
                0x000000000000b8f8                z_nrf_clock_control_lf_on
 .text.uart_console_init
                0x000000000000b9f0       0x28 zephyr/drivers/console/libdrivers__console.a(uart_console.c.obj)
 .text.console_out
                0x000000000000ba18       0x28 zephyr/drivers/console/libdrivers__console.a(uart_console.c.obj)
 .text.qspi_get_zephyr_ret_code
                0x000000000000ba40       0x1c zephyr/drivers/flash/libdrivers__flash.a(nrf_qspi_nor.c.obj)
 .text.qspi_nor_pages_layout
                0x000000000000ba5c       0x10 zephyr/drivers/flash/libdrivers__flash.a(nrf_qspi_nor.c.obj)
 .text.qspi_flash_get_parameters
                0x000000000000ba6c        0x8 zephyr/drivers/flash/libdrivers__flash.a(nrf_qspi_nor.c.obj)
 .text.qspi_lock.isra.0
                0x000000000000ba74       0x28 zephyr/drivers/flash/libdrivers__flash.a(nrf_qspi_nor.c.obj)
 .text.qspi_wait_for_completion.isra.0
                0x000000000000ba9c       0x1c zephyr/drivers/flash/libdrivers__flash.a(nrf_qspi_nor.c.obj)
 .text.qspi_unlock.isra.0
                0x000000000000bab8       0x18 zephyr/drivers/flash/libdrivers__flash.a(nrf_qspi_nor.c.obj)
 .text.qspi_send_cmd
                0x000000000000bad0       0x98 zephyr/drivers/flash/libdrivers__flash.a(nrf_qspi_nor.c.obj)
 .text.qspi_device_uninit
                0x000000000000bb68       0x58 zephyr/drivers/flash/libdrivers__flash.a(nrf_qspi_nor.c.obj)
 .text.qspi_device_init
                0x000000000000bbc0       0x50 zephyr/drivers/flash/libdrivers__flash.a(nrf_qspi_nor.c.obj)
 .text.qspi_nor_erase
                0x000000000000bc10      0x150 zephyr/drivers/flash/libdrivers__flash.a(nrf_qspi_nor.c.obj)
 .text.qspi_nor_init
                0x000000000000bd60      0x1d8 zephyr/drivers/flash/libdrivers__flash.a(nrf_qspi_nor.c.obj)
 .text.qspi_nor_write
                0x000000000000bf38      0x138 zephyr/drivers/flash/libdrivers__flash.a(nrf_qspi_nor.c.obj)
 .text.qspi_nor_read
                0x000000000000c070      0x164 zephyr/drivers/flash/libdrivers__flash.a(nrf_qspi_nor.c.obj)
 .text.flash_nrf_pages_layout
                0x000000000000c1d4       0x10 zephyr/drivers/flash/libdrivers__flash.a(soc_flash_nrf.c.obj)
 .text.flash_nrf_get_parameters
                0x000000000000c1e4        0x8 zephyr/drivers/flash/libdrivers__flash.a(soc_flash_nrf.c.obj)
 .text.flash_nrf_read
                0x000000000000c1ec       0x5c zephyr/drivers/flash/libdrivers__flash.a(soc_flash_nrf.c.obj)
 .text.nrf_flash_init
                0x000000000000c248       0x28 zephyr/drivers/flash/libdrivers__flash.a(soc_flash_nrf.c.obj)
 .text.flash_nrf_erase
                0x000000000000c270       0xa4 zephyr/drivers/flash/libdrivers__flash.a(soc_flash_nrf.c.obj)
 .text.flash_nrf_write
                0x000000000000c314       0xa0 zephyr/drivers/flash/libdrivers__flash.a(soc_flash_nrf.c.obj)
 .text.gpio_nrfx_pin_interrupt_configure
                0x000000000000c3b4       0xd8 zephyr/drivers/gpio/libdrivers__gpio.a(gpio_nrfx.c.obj)
 .text.gpio_nrfx_init
                0x000000000000c48c       0x38 zephyr/drivers/gpio/libdrivers__gpio.a(gpio_nrfx.c.obj)
 .text.nrfx_gpio_handler
                0x000000000000c4c4       0x4c zephyr/drivers/gpio/libdrivers__gpio.a(gpio_nrfx.c.obj)
 .text.gpio_nrfx_pin_configure
                0x000000000000c510      0x124 zephyr/drivers/gpio/libdrivers__gpio.a(gpio_nrfx.c.obj)
 .text.mbox_nrf_init
                0x000000000000c634       0xb0 zephyr/drivers/mbox/libdrivers__mbox.a(mbox_nrfx_ipc.c.obj)
 .text.mbox_nrf_send
                0x000000000000c6e4       0x50 zephyr/drivers/mbox/libdrivers__mbox.a(mbox_nrfx_ipc.c.obj)
 .text.mbox_dispatcher
                0x000000000000c734       0x78 zephyr/drivers/mbox/libdrivers__mbox.a(mbox_nrfx_ipc.c.obj)
 .text.mbox_nrf_set_enabled
                0x000000000000c7ac       0xa0 zephyr/drivers/mbox/libdrivers__mbox.a(mbox_nrfx_ipc.c.obj)
 .text.pinctrl_configure_pins
                0x000000000000c84c      0x180 zephyr/drivers/pinctrl/libdrivers__pinctrl.a(pinctrl_nrf.c.obj)
                0x000000000000c84c                pinctrl_configure_pins
 .text.z_log_msg_runtime_create.constprop.0
                0x000000000000c9cc       0x24 zephyr/drivers/serial/libdrivers__serial.a(uart_nrfx_uarte.c.obj)
 .text.uarte_nrfx_configure
                0x000000000000c9f0      0x17c zephyr/drivers/serial/libdrivers__serial.a(uart_nrfx_uarte.c.obj)
 .text.uarte_0_init
                0x000000000000cb6c      0x108 zephyr/drivers/serial/libdrivers__serial.a(uart_nrfx_uarte.c.obj)
 .text.uarte_nrfx_poll_out
                0x000000000000cc74       0xcc zephyr/drivers/serial/libdrivers__serial.a(uart_nrfx_uarte.c.obj)
 .text.compare_int_lock
                0x000000000000cd40       0x40 zephyr/drivers/timer/libdrivers__timer.a(nrf_rtc_timer.c.obj)
 .text.sys_clock_timeout_handler
                0x000000000000cd80       0x48 zephyr/drivers/timer/libdrivers__timer.a(nrf_rtc_timer.c.obj)
 .text.compare_int_unlock
                0x000000000000cdc8       0x4c zephyr/drivers/timer/libdrivers__timer.a(nrf_rtc_timer.c.obj)
 .text.z_nrf_rtc_timer_compare_evt_address_get
                0x000000000000ce14       0x10 zephyr/drivers/timer/libdrivers__timer.a(nrf_rtc_timer.c.obj)
                0x000000000000ce14                z_nrf_rtc_timer_compare_evt_address_get
 .text.z_nrf_rtc_timer_compare_read
                0x000000000000ce24       0x10 zephyr/drivers/timer/libdrivers__timer.a(nrf_rtc_timer.c.obj)
                0x000000000000ce24                z_nrf_rtc_timer_compare_read
 .text.z_nrf_rtc_timer_read
                0x000000000000ce34       0x44 zephyr/drivers/timer/libdrivers__timer.a(nrf_rtc_timer.c.obj)
                0x000000000000ce34                z_nrf_rtc_timer_read
 .text.compare_set
                0x000000000000ce78      0x114 zephyr/drivers/timer/libdrivers__timer.a(nrf_rtc_timer.c.obj)
 .text.sys_clock_driver_init
                0x000000000000cf8c       0xa4 zephyr/drivers/timer/libdrivers__timer.a(nrf_rtc_timer.c.obj)
 .text.rtc_nrf_isr
                0x000000000000d030      0x100 zephyr/drivers/timer/libdrivers__timer.a(nrf_rtc_timer.c.obj)
                0x000000000000d030                rtc_nrf_isr
 .text.z_nrf_rtc_timer_chan_alloc
                0x000000000000d130       0x3c zephyr/drivers/timer/libdrivers__timer.a(nrf_rtc_timer.c.obj)
                0x000000000000d130                z_nrf_rtc_timer_chan_alloc
 .text.z_nrf_rtc_timer_chan_free
                0x000000000000d16c       0x1c zephyr/drivers/timer/libdrivers__timer.a(nrf_rtc_timer.c.obj)
                0x000000000000d16c                z_nrf_rtc_timer_chan_free
 .text.sys_clock_set_timeout
                0x000000000000d188       0x64 zephyr/drivers/timer/libdrivers__timer.a(nrf_rtc_timer.c.obj)
                0x000000000000d188                sys_clock_set_timeout
 .text.sys_clock_elapsed
                0x000000000000d1ec       0x14 zephyr/drivers/timer/libdrivers__timer.a(nrf_rtc_timer.c.obj)
                0x000000000000d1ec                sys_clock_elapsed
 .text.z_log_msg_runtime_create.constprop.0
                0x000000000000d200       0x24 modules/nrf/lib/fatal_error/lib..__nrf__lib__fatal_error.a(fatal_error.c.obj)
 .text.k_sys_fatal_error_handler
                0x000000000000d224       0x2c modules/nrf/lib/fatal_error/lib..__nrf__lib__fatal_error.a(fatal_error.c.obj)
                0x000000000000d224                k_sys_fatal_error_handler
 .text.tfm_ns_interface_dispatch
                0x000000000000d250       0x64 modules/trusted-firmware-m/libtfm_api.a(interface.c.obj)
                0x000000000000d250                tfm_ns_interface_dispatch
 .text.tfm_platform_ioctl
                0x000000000000d2b4       0x4c modules/trusted-firmware-m/libtfm_api.a(tfm_platform_api.c.obj)
                0x000000000000d2b4                tfm_platform_ioctl
 .text.psa_generate_random
                0x000000000000d300       0x40 modules/trusted-firmware-m/libtfm_api.a(tfm_crypto_api.c.obj)
                0x000000000000d300                psa_generate_random
 .text.psa_call
                0x000000000000d340       0x38 modules/trusted-firmware-m/libtfm_api.a(tfm_psa_ns_api.c.obj)
                0x000000000000d340                psa_call
 .text.nrfx_flag32_alloc
                0x000000000000d378       0x38 modules/hal_nordic/nrfx/libmodules__hal_nordic__nrfx.a(nrfx_flag32_allocator.c.obj)
                0x000000000000d378                nrfx_flag32_alloc
 .text.nrfx_flag32_free
                0x000000000000d3b0       0x38 modules/hal_nordic/nrfx/libmodules__hal_nordic__nrfx.a(nrfx_flag32_allocator.c.obj)
                0x000000000000d3b0                nrfx_flag32_free
 .text.clock_stop
                0x000000000000d3e8      0x17c modules/hal_nordic/nrfx/libmodules__hal_nordic__nrfx.a(nrfx_clock.c.obj)
 .text.nrfx_clock_init
                0x000000000000d564       0x20 modules/hal_nordic/nrfx/libmodules__hal_nordic__nrfx.a(nrfx_clock.c.obj)
                0x000000000000d564                nrfx_clock_init
 .text.nrfx_clock_enable
                0x000000000000d584       0x28 modules/hal_nordic/nrfx/libmodules__hal_nordic__nrfx.a(nrfx_clock.c.obj)
                0x000000000000d584                nrfx_clock_enable
 .text.nrfx_clock_start
                0x000000000000d5ac       0xb8 modules/hal_nordic/nrfx/libmodules__hal_nordic__nrfx.a(nrfx_clock.c.obj)
                0x000000000000d5ac                nrfx_clock_start
 .text.nrfx_power_clock_irq_handler
                0x000000000000d664       0xac modules/hal_nordic/nrfx/libmodules__hal_nordic__nrfx.a(nrfx_clock.c.obj)
                0x000000000000d664                nrfx_power_clock_irq_handler
 .text.nrfx_dppi_channel_alloc
                0x000000000000d710        0xc modules/hal_nordic/nrfx/libmodules__hal_nordic__nrfx.a(nrfx_dppi.c.obj)
                0x000000000000d710                nrfx_dppi_channel_alloc
 .text.nrfx_dppi_channel_free
                0x000000000000d71c       0x1c modules/hal_nordic/nrfx/libmodules__hal_nordic__nrfx.a(nrfx_dppi.c.obj)
                0x000000000000d71c                nrfx_dppi_channel_free
 .text.nrf_gpio_pin_port_decode
                0x000000000000d738       0x20 modules/hal_nordic/nrfx/libmodules__hal_nordic__nrfx.a(nrfx_gpiote.c.obj)
 .text.pin_in_use_by_te
                0x000000000000d758       0x14 modules/hal_nordic/nrfx/libmodules__hal_nordic__nrfx.a(nrfx_gpiote.c.obj)
 .text.call_handler
                0x000000000000d76c       0x3c modules/hal_nordic/nrfx/libmodules__hal_nordic__nrfx.a(nrfx_gpiote.c.obj)
 .text.release_handler
                0x000000000000d7a8       0x54 modules/hal_nordic/nrfx/libmodules__hal_nordic__nrfx.a(nrfx_gpiote.c.obj)
 .text.pin_handler_trigger_uninit
                0x000000000000d7fc       0x3c modules/hal_nordic/nrfx/libmodules__hal_nordic__nrfx.a(nrfx_gpiote.c.obj)
 .text.nrfx_gpiote_input_configure
                0x000000000000d838      0x15c modules/hal_nordic/nrfx/libmodules__hal_nordic__nrfx.a(nrfx_gpiote.c.obj)
                0x000000000000d838                nrfx_gpiote_input_configure
 .text.nrfx_gpiote_output_configure
                0x000000000000d994       0xe8 modules/hal_nordic/nrfx/libmodules__hal_nordic__nrfx.a(nrfx_gpiote.c.obj)
                0x000000000000d994                nrfx_gpiote_output_configure
 .text.nrfx_gpiote_global_callback_set
                0x000000000000da7c        0xc modules/hal_nordic/nrfx/libmodules__hal_nordic__nrfx.a(nrfx_gpiote.c.obj)
                0x000000000000da7c                nrfx_gpiote_global_callback_set
 .text.nrfx_gpiote_channel_get
                0x000000000000da88       0x2c modules/hal_nordic/nrfx/libmodules__hal_nordic__nrfx.a(nrfx_gpiote.c.obj)
                0x000000000000da88                nrfx_gpiote_channel_get
 .text.nrfx_gpiote_init
                0x000000000000dab4       0x50 modules/hal_nordic/nrfx/libmodules__hal_nordic__nrfx.a(nrfx_gpiote.c.obj)
                0x000000000000dab4                nrfx_gpiote_init
 .text.nrfx_gpiote_is_init
                0x000000000000db04       0x14 modules/hal_nordic/nrfx/libmodules__hal_nordic__nrfx.a(nrfx_gpiote.c.obj)
                0x000000000000db04                nrfx_gpiote_is_init
 .text.nrfx_gpiote_channel_free
                0x000000000000db18        0xc modules/hal_nordic/nrfx/libmodules__hal_nordic__nrfx.a(nrfx_gpiote.c.obj)
                0x000000000000db18                nrfx_gpiote_channel_free
 .text.nrfx_gpiote_channel_alloc
                0x000000000000db24        0xc modules/hal_nordic/nrfx/libmodules__hal_nordic__nrfx.a(nrfx_gpiote.c.obj)
                0x000000000000db24                nrfx_gpiote_channel_alloc
 .text.nrfx_gpiote_trigger_enable
                0x000000000000db30       0x8c modules/hal_nordic/nrfx/libmodules__hal_nordic__nrfx.a(nrfx_gpiote.c.obj)
                0x000000000000db30                nrfx_gpiote_trigger_enable
 .text.nrfx_gpiote_trigger_disable
                0x000000000000dbbc       0x50 modules/hal_nordic/nrfx/libmodules__hal_nordic__nrfx.a(nrfx_gpiote.c.obj)
                0x000000000000dbbc                nrfx_gpiote_trigger_disable
 .text.nrfx_gpiote_pin_uninit
                0x000000000000dc0c       0x50 modules/hal_nordic/nrfx/libmodules__hal_nordic__nrfx.a(nrfx_gpiote.c.obj)
                0x000000000000dc0c                nrfx_gpiote_pin_uninit
 .text.nrfx_gpiote_irq_handler
                0x000000000000dc5c      0x1b0 modules/hal_nordic/nrfx/libmodules__hal_nordic__nrfx.a(nrfx_gpiote.c.obj)
                0x000000000000dc5c                nrfx_gpiote_irq_handler
 .text.nrfx_ipc_init
                0x000000000000de0c       0x30 modules/hal_nordic/nrfx/libmodules__hal_nordic__nrfx.a(nrfx_ipc.c.obj)
                0x000000000000de0c                nrfx_ipc_init
 .text.nrfx_ipc_config_load
                0x000000000000de3c       0x40 modules/hal_nordic/nrfx/libmodules__hal_nordic__nrfx.a(nrfx_ipc.c.obj)
                0x000000000000de3c                nrfx_ipc_config_load
 .text.nrfx_ipc_receive_event_enable
                0x000000000000de7c       0x10 modules/hal_nordic/nrfx/libmodules__hal_nordic__nrfx.a(nrfx_ipc.c.obj)
                0x000000000000de7c                nrfx_ipc_receive_event_enable
 .text.nrfx_ipc_receive_event_disable
                0x000000000000de8c       0x10 modules/hal_nordic/nrfx/libmodules__hal_nordic__nrfx.a(nrfx_ipc.c.obj)
                0x000000000000de8c                nrfx_ipc_receive_event_disable
 .text.nrfx_ipc_irq_handler
                0x000000000000de9c       0x40 modules/hal_nordic/nrfx/libmodules__hal_nordic__nrfx.a(nrfx_ipc.c.obj)
                0x000000000000de9c                nrfx_ipc_irq_handler
 .text.nvmc_word_write
                0x000000000000dedc       0x18 modules/hal_nordic/nrfx/libmodules__hal_nordic__nrfx.a(nrfx_nvmc.c.obj)
 .text.nrfx_nvmc_page_erase
                0x000000000000def4       0x38 modules/hal_nordic/nrfx/libmodules__hal_nordic__nrfx.a(nrfx_nvmc.c.obj)
                0x000000000000def4                nrfx_nvmc_page_erase
 .text.nrfx_nvmc_word_write
                0x000000000000df2c       0x1c modules/hal_nordic/nrfx/libmodules__hal_nordic__nrfx.a(nrfx_nvmc.c.obj)
                0x000000000000df2c                nrfx_nvmc_word_write
 .text.qspi_xfer
                0x000000000000df48       0xfc modules/hal_nordic/nrfx/libmodules__hal_nordic__nrfx.a(nrfx_qspi.c.obj)
 .text.qspi_ready_wait
                0x000000000000e044       0x2c modules/hal_nordic/nrfx/libmodules__hal_nordic__nrfx.a(nrfx_qspi.c.obj)
 .text.qspi_event_xfer_handle.constprop.0
                0x000000000000e070       0x28 modules/hal_nordic/nrfx/libmodules__hal_nordic__nrfx.a(nrfx_qspi.c.obj)
 .text.nrf_gpio_cfg.constprop.0
                0x000000000000e098       0x34 modules/hal_nordic/nrfx/libmodules__hal_nordic__nrfx.a(nrfx_qspi.c.obj)
 .text.nrf_qspi_cinstrdata_get.constprop.0
                0x000000000000e0cc       0x40 modules/hal_nordic/nrfx/libmodules__hal_nordic__nrfx.a(nrfx_qspi.c.obj)
 .text.nrf_qspi_cinstrdata_set.constprop.0
                0x000000000000e10c       0x64 modules/hal_nordic/nrfx/libmodules__hal_nordic__nrfx.a(nrfx_qspi.c.obj)
 .text.nrfx_qspi_init
                0x000000000000e170      0x1d4 modules/hal_nordic/nrfx/libmodules__hal_nordic__nrfx.a(nrfx_qspi.c.obj)
                0x000000000000e170                nrfx_qspi_init
 .text.nrfx_qspi_cinstr_xfer
                0x000000000000e344       0x98 modules/hal_nordic/nrfx/libmodules__hal_nordic__nrfx.a(nrfx_qspi.c.obj)
                0x000000000000e344                nrfx_qspi_cinstr_xfer
 .text.nrfx_qspi_mem_busy_check
                0x000000000000e3dc       0x44 modules/hal_nordic/nrfx/libmodules__hal_nordic__nrfx.a(nrfx_qspi.c.obj)
                0x000000000000e3dc                nrfx_qspi_mem_busy_check
 .text.nrfx_qspi_uninit
                0x000000000000e420       0x9c modules/hal_nordic/nrfx/libmodules__hal_nordic__nrfx.a(nrfx_qspi.c.obj)
                0x000000000000e420                nrfx_qspi_uninit
 .text.nrfx_qspi_erase
                0x000000000000e4bc       0x64 modules/hal_nordic/nrfx/libmodules__hal_nordic__nrfx.a(nrfx_qspi.c.obj)
                0x000000000000e4bc                nrfx_qspi_erase
 .text.nrfx_qspi_irq_handler
                0x000000000000e520       0x68 modules/hal_nordic/nrfx/libmodules__hal_nordic__nrfx.a(nrfx_qspi.c.obj)
                0x000000000000e520                nrfx_qspi_irq_handler
 .text.z_fatal_error
                0x000000000000e588       0xc8 zephyr/kernel/libkernel.a(fatal.c.obj)
                0x000000000000e588                z_fatal_error
 .text.z_sys_init_run_level
                0x000000000000e650       0x48 zephyr/kernel/libkernel.a(init.c.obj)
 .text.bg_thread_main
                0x000000000000e698       0x34 zephyr/kernel/libkernel.a(init.c.obj)
 .text.z_bss_zero
                0x000000000000e6cc       0x18 zephyr/kernel/libkernel.a(init.c.obj)
                0x000000000000e6cc                z_bss_zero
 .text.z_init_cpu
                0x000000000000e6e4       0x68 zephyr/kernel/libkernel.a(init.c.obj)
                0x000000000000e6e4                z_init_cpu
 .text.z_cstart
                0x000000000000e74c       0xe0 zephyr/kernel/libkernel.a(init.c.obj)
                0x000000000000e74c                z_cstart
 .text.z_setup_new_thread
                0x000000000000e82c       0x60 zephyr/kernel/libkernel.a(thread.c.obj)
                0x000000000000e82c                z_setup_new_thread
 .text.z_init_static_threads
                0x000000000000e88c       0xb8 zephyr/kernel/libkernel.a(thread.c.obj)
                0x000000000000e88c                z_init_static_threads
 .text.idle     0x000000000000e944       0x38 zephyr/kernel/libkernel.a(idle.c.obj)
                0x000000000000e944                idle
 .text.z_impl_k_mutex_lock
                0x000000000000e97c       0xf4 zephyr/kernel/libkernel.a(mutex.c.obj)
                0x000000000000e97c                z_impl_k_mutex_lock
 .text.z_impl_k_mutex_unlock
                0x000000000000ea70       0x78 zephyr/kernel/libkernel.a(mutex.c.obj)
                0x000000000000ea70                z_impl_k_mutex_unlock
 .text.z_impl_k_sem_give
                0x000000000000eae8       0x40 zephyr/kernel/libkernel.a(sem.c.obj)
                0x000000000000eae8                z_impl_k_sem_give
 .text.z_impl_k_sem_take
                0x000000000000eb28       0x50 zephyr/kernel/libkernel.a(sem.c.obj)
                0x000000000000eb28                z_impl_k_sem_take
 .text.sliceable
                0x000000000000eb78       0x3c zephyr/kernel/libkernel.a(sched.c.obj)
 .text.slice_timeout
                0x000000000000ebb4       0x20 zephyr/kernel/libkernel.a(sched.c.obj)
 .text.z_reset_time_slice
                0x000000000000ebd4       0x50 zephyr/kernel/libkernel.a(sched.c.obj)
                0x000000000000ebd4                z_reset_time_slice
 .text.update_cache
                0x000000000000ec24       0x3c zephyr/kernel/libkernel.a(sched.c.obj)
 .text.move_thread_to_end_of_prio_q
                0x000000000000ec60       0x74 zephyr/kernel/libkernel.a(sched.c.obj)
 .text.ready_thread
                0x000000000000ecd4       0x68 zephyr/kernel/libkernel.a(sched.c.obj)
 .text.unready_thread
                0x000000000000ed3c       0x30 zephyr/kernel/libkernel.a(sched.c.obj)
 .text.pend_locked
                0x000000000000ed6c       0x30 zephyr/kernel/libkernel.a(sched.c.obj)
 .text.z_time_slice
                0x000000000000ed9c       0x60 zephyr/kernel/libkernel.a(sched.c.obj)
                0x000000000000ed9c                z_time_slice
 .text.z_pend_curr
                0x000000000000edfc       0x3c zephyr/kernel/libkernel.a(sched.c.obj)
                0x000000000000edfc                z_pend_curr
 .text.z_set_prio
                0x000000000000ee38       0x8c zephyr/kernel/libkernel.a(sched.c.obj)
                0x000000000000ee38                z_set_prio
 .text.z_reschedule
                0x000000000000eec4       0x24 zephyr/kernel/libkernel.a(sched.c.obj)
                0x000000000000eec4                z_reschedule
 .text.z_sched_start
                0x000000000000eee8       0x3c zephyr/kernel/libkernel.a(sched.c.obj)
                0x000000000000eee8                z_sched_start
 .text.z_impl_k_thread_suspend
                0x000000000000ef24       0x64 zephyr/kernel/libkernel.a(sched.c.obj)
                0x000000000000ef24                z_impl_k_thread_suspend
 .text.k_sched_lock
                0x000000000000ef88       0x28 zephyr/kernel/libkernel.a(sched.c.obj)
                0x000000000000ef88                k_sched_lock
 .text.k_sched_unlock
                0x000000000000efb0       0x38 zephyr/kernel/libkernel.a(sched.c.obj)
                0x000000000000efb0                k_sched_unlock
 .text.z_sched_init
                0x000000000000efe8       0x10 zephyr/kernel/libkernel.a(sched.c.obj)
                0x000000000000efe8                z_sched_init
 .text.z_impl_k_yield
                0x000000000000eff8       0x7c zephyr/kernel/libkernel.a(sched.c.obj)
                0x000000000000eff8                z_impl_k_yield
 .text.z_tick_sleep
                0x000000000000f074       0x88 zephyr/kernel/libkernel.a(sched.c.obj)
 .text.z_impl_k_sleep
                0x000000000000f0fc       0x34 zephyr/kernel/libkernel.a(sched.c.obj)
                0x000000000000f0fc                z_impl_k_sleep
 .text.z_impl_z_current_get
                0x000000000000f130        0xc zephyr/kernel/libkernel.a(sched.c.obj)
                0x000000000000f130                z_impl_z_current_get
 .text.z_thread_abort
                0x000000000000f13c       0xc0 zephyr/kernel/libkernel.a(sched.c.obj)
                0x000000000000f13c                z_thread_abort
 .text.z_data_copy
                0x000000000000f1fc       0x34 zephyr/kernel/libkernel.a(xip.c.obj)
                0x000000000000f1fc                z_data_copy
 .text.elapsed  0x000000000000f230       0x14 zephyr/kernel/libkernel.a(timeout.c.obj)
 .text.next_timeout
                0x000000000000f244       0x40 zephyr/kernel/libkernel.a(timeout.c.obj)
 .text.remove_timeout
                0x000000000000f284       0x38 zephyr/kernel/libkernel.a(timeout.c.obj)
 .text.z_add_timeout
                0x000000000000f2bc       0xec zephyr/kernel/libkernel.a(timeout.c.obj)
                0x000000000000f2bc                z_add_timeout
 .text.sys_clock_announce
                0x000000000000f3a8       0xd4 zephyr/kernel/libkernel.a(timeout.c.obj)
                0x000000000000f3a8                sys_clock_announce
 .text.sys_clock_tick_get
                0x000000000000f47c       0x34 zephyr/kernel/libkernel.a(timeout.c.obj)
                0x000000000000f47c                sys_clock_tick_get
 .text.boot_banner
                0x000000000000f4b0        0xc zephyr/kernel/libkernel.a(banner.c.obj)
                0x000000000000f4b0                boot_banner
 .text.z_log_msg_runtime_create.constprop.0
                0x000000000000f4bc       0x20 app/libapp.a(main.c.obj)
 .text.z_log_msg_runtime_create.constprop.0
                0x000000000000f4dc       0x20 app/libapp.a(memory_manager.c.obj)
 .text.cbpprintf_external
                0x000000000000f4fc       0x62 zephyr/libzephyr.a(cbprintf_packaged.c.obj)
                0x000000000000f4fc                cbpprintf_external
 .text.arch_printk_char_out
                0x000000000000f55e        0x4 zephyr/libzephyr.a(printk.c.obj)
                0x000000000000f55e                arch_printk_char_out
 .text.printk   0x000000000000f562       0x1a zephyr/libzephyr.a(printk.c.obj)
                0x000000000000f562                printk
 .text.z_thread_entry
                0x000000000000f57c       0x14 zephyr/libzephyr.a(thread_entry.c.obj)
                0x000000000000f57c                z_thread_entry
 .text.process_recheck
                0x000000000000f590       0x38 zephyr/libzephyr.a(onoff.c.obj)
 .text.validate_args
                0x000000000000f5c8       0x20 zephyr/libzephyr.a(onoff.c.obj)
 .text.notify_one
                0x000000000000f5e8       0x2c zephyr/libzephyr.a(onoff.c.obj)
 .text.transition_complete
                0x000000000000f614       0x1c zephyr/libzephyr.a(onoff.c.obj)
 .text.onoff_manager_init
                0x000000000000f630       0x26 zephyr/libzephyr.a(onoff.c.obj)
                0x000000000000f630                onoff_manager_init
 .text.onoff_request
                0x000000000000f656       0xb0 zephyr/libzephyr.a(onoff.c.obj)
                0x000000000000f656                onoff_request
 .text.sys_notify_validate
                0x000000000000f706       0x22 zephyr/libzephyr.a(notify.c.obj)
                0x000000000000f706                sys_notify_validate
 .text.sys_notify_finalize
                0x000000000000f728       0x1a zephyr/libzephyr.a(notify.c.obj)
                0x000000000000f728                sys_notify_finalize
 .text.encode_uint
                0x000000000000f742       0x8c zephyr/libzephyr.a(cbprintf_complete.c.obj)
 .text.outs     0x000000000000f7ce       0x2e zephyr/libzephyr.a(cbprintf_complete.c.obj)
 .text._ConfigAbsSyms
                0x000000000000f7fc        0x2 zephyr/libzephyr.a(configs.c.obj)
                0x000000000000f7fc                _ConfigAbsSyms
 .text.nordicsemi_nrf53_init
                0x000000000000f7fe       0x34 zephyr/libzephyr.a(soc.c.obj)
 .text.pm_state_set
                0x000000000000f832       0x18 zephyr/libzephyr.a(power.c.obj)
                0x000000000000f832                pm_state_set
 .text.pm_state_exit_post_ops
                0x000000000000f84a        0xc zephyr/libzephyr.a(power.c.obj)
                0x000000000000f84a                pm_state_exit_post_ops
 .text.soc_secure_mem_read
                0x000000000000f856       0x34 zephyr/libzephyr.a(soc_secure.c.obj)
                0x000000000000f856                soc_secure_mem_read
 .text.nvs_flash_rd
                0x000000000000f88a       0x1c zephyr/libzephyr.a(nvs.c.obj)
 .text.nvs_sector_advance
                0x000000000000f8a6       0x1a zephyr/libzephyr.a(nvs.c.obj)
 .text.nvs_flash_block_cmp
                0x000000000000f8c0       0x54 zephyr/libzephyr.a(nvs.c.obj)
 .text.nvs_flash_cmp_const
                0x000000000000f914       0x4a zephyr/libzephyr.a(nvs.c.obj)
 .text.nvs_ate_crc8_update
                0x000000000000f95e       0x12 zephyr/libzephyr.a(nvs.c.obj)
 .text.z_log_msg_runtime_create.constprop.0
                0x000000000000f970       0x20 zephyr/libzephyr.a(nvs.c.obj)
 .text.nvs_al_size.isra.0
                0x000000000000f990       0x14 zephyr/libzephyr.a(nvs.c.obj)
 .text.nvs_ate_valid
                0x000000000000f9a4       0x34 zephyr/libzephyr.a(nvs.c.obj)
 .text.nvs_close_ate_valid
                0x000000000000f9d8       0x3c zephyr/libzephyr.a(nvs.c.obj)
 .text.nvs_prev_ate
                0x000000000000fa14       0x94 zephyr/libzephyr.a(nvs.c.obj)
 .text.nvs_flash_al_wrt
                0x000000000000faa8       0x74 zephyr/libzephyr.a(nvs.c.obj)
 .text.nvs_flash_ate_wrt
                0x000000000000fb1c       0x22 zephyr/libzephyr.a(nvs.c.obj)
 .text.nvs_read
                0x000000000000fb3e        0xe zephyr/libzephyr.a(nvs.c.obj)
                0x000000000000fb3e                nvs_read
 .text.dummy_timestamp
                0x000000000000fb4c        0x4 zephyr/libzephyr.a(log_core.c.obj)
 .text.default_get_timestamp
                0x000000000000fb50        0x4 zephyr/libzephyr.a(log_core.c.obj)
 .text.atomic_inc
                0x000000000000fb54       0x12 zephyr/libzephyr.a(log_core.c.obj)
 .text.enable_logger
                0x000000000000fb66        0xe zephyr/libzephyr.a(log_core.c.obj)
 .text.z_log_vprintk
                0x000000000000fb74       0x1c zephyr/libzephyr.a(log_core.c.obj)
                0x000000000000fb74                z_log_vprintk
 .text.z_log_notify_backend_enabled
                0x000000000000fb90        0x2 zephyr/libzephyr.a(log_core.c.obj)
                0x000000000000fb90                z_log_notify_backend_enabled
 .text.z_log_get_tag
                0x000000000000fb92        0x4 zephyr/libzephyr.a(log_core.c.obj)
                0x000000000000fb92                z_log_get_tag
 .text.z_log_msg_finalize
                0x000000000000fb96       0x32 zephyr/libzephyr.a(log_msg.c.obj)
                0x000000000000fb96                z_log_msg_finalize
 .text.out_func
                0x000000000000fbc8       0x1c zephyr/libzephyr.a(log_output.c.obj)
 .text.cr_out_func
                0x000000000000fbe4       0x1c zephyr/libzephyr.a(log_output.c.obj)
 .text.buffer_write
                0x000000000000fc00       0x1a zephyr/libzephyr.a(log_output.c.obj)
 .text.cbvprintf
                0x000000000000fc1a        0xe zephyr/libzephyr.a(log_output.c.obj)
 .text.log_output_flush
                0x000000000000fc28       0x1a zephyr/libzephyr.a(log_output.c.obj)
                0x000000000000fc28                log_output_flush
 .text.log_backend_uart_init
                0x000000000000fc42        0x2 zephyr/libzephyr.a(log_backend_uart.c.obj)
 .text.z_log_msg_runtime_create.constprop.0
                0x000000000000fc44       0x20 zephyr/arch/arch/arm/core/aarch32/libarch__arm__core__aarch32.a(fatal.c.obj)
 .text.z_do_kernel_oops
                0x000000000000fc64        0x8 zephyr/arch/arch/arm/core/aarch32/libarch__arm__core__aarch32.a(fatal.c.obj)
                0x000000000000fc64                z_do_kernel_oops
 .text.z_irq_spurious
                0x000000000000fc6c        0x8 zephyr/arch/arch/arm/core/aarch32/libarch__arm__core__aarch32.a(irq_manage.c.obj)
                0x000000000000fc6c                z_irq_spurious
 .text.z_arm_nmi
                0x000000000000fc74        0xe zephyr/arch/arch/arm/core/aarch32/libarch__arm__core__aarch32.a(nmi.c.obj)
                0x000000000000fc74                z_arm_nmi
 .text.configure_builtin_stack_guard
                0x000000000000fc82        0x8 zephyr/arch/arch/arm/core/aarch32/libarch__arm__core__aarch32.a(thread.c.obj)
                0x000000000000fc82                configure_builtin_stack_guard
 .text.z_log_msg_runtime_create.constprop.0
                0x000000000000fc8a       0x20 zephyr/arch/arch/arm/core/aarch32/cortex_m/libarch__arm__core__aarch32__cortex_m.a(fault.c.obj)
 .text.z_arm_save_fp_context
                0x000000000000fcaa        0x2 zephyr/arch/arch/arm/core/aarch32/cortex_m/libarch__arm__core__aarch32__cortex_m.a(fpu.c.obj)
                0x000000000000fcaa                z_arm_save_fp_context
 .text.z_arm_restore_fp_context
                0x000000000000fcac        0x2 zephyr/arch/arch/arm/core/aarch32/cortex_m/libarch__arm__core__aarch32__cortex_m.a(fpu.c.obj)
                0x000000000000fcac                z_arm_restore_fp_context
 .text.arm_cmse_mpu_region_get
                0x000000000000fcae       0x12 zephyr/arch/arch/arm/core/aarch32/cortex_m/cmse/libarch__arm__core__aarch32__cortex_m__cmse.a(arm_core_cmse.c.obj)
                0x000000000000fcae                arm_cmse_mpu_region_get
 .text.z_log_msg_runtime_create.constprop.0
                0x000000000000fcc0       0x20 zephyr/arch/arch/arm/core/aarch32/mpu/libarch__arm__core__aarch32__mpu.a(arm_mpu.c.obj)
 .text.mpu_configure_region
                0x000000000000fce0       0x32 zephyr/arch/arch/arm/core/aarch32/mpu/libarch__arm__core__aarch32__mpu.a(arm_mpu.c.obj)
 .text.strlen   0x000000000000fd12        0xe zephyr/lib/libc/minimal/liblib__libc__minimal.a(string.c.obj)
                0x000000000000fd12                strlen
 .text.strnlen  0x000000000000fd20       0x12 zephyr/lib/libc/minimal/liblib__libc__minimal.a(string.c.obj)
                0x000000000000fd20                strnlen
 .text.strcmp   0x000000000000fd32       0x18 zephyr/lib/libc/minimal/liblib__libc__minimal.a(string.c.obj)
                0x000000000000fd32                strcmp
 .text.memcmp   0x000000000000fd4a       0x20 zephyr/lib/libc/minimal/liblib__libc__minimal.a(string.c.obj)
                0x000000000000fd4a                memcmp
 .text.memmove  0x000000000000fd6a       0x2e zephyr/lib/libc/minimal/liblib__libc__minimal.a(string.c.obj)
                0x000000000000fd6a                memmove
 .text.memcpy   0x000000000000fd98       0x16 zephyr/lib/libc/minimal/liblib__libc__minimal.a(string.c.obj)
                0x000000000000fd98                memcpy
 .text.memset   0x000000000000fdae       0x12 zephyr/lib/libc/minimal/liblib__libc__minimal.a(string.c.obj)
                0x000000000000fdae                memset
 .text._stdout_hook_default
                0x000000000000fdc0        0x6 zephyr/lib/libc/minimal/liblib__libc__minimal.a(stdout_console.c.obj)
 .text.get_status
                0x000000000000fdc6       0x12 zephyr/drivers/clock_control/libdrivers__clock_control.a(clock_control_nrf.c.obj)
 .text.set_on_state
                0x000000000000fdd8       0x26 zephyr/drivers/clock_control/libdrivers__clock_control.a(clock_control_nrf.c.obj)
 .text.stop     0x000000000000fdfe       0x52 zephyr/drivers/clock_control/libdrivers__clock_control.a(clock_control_nrf.c.obj)
 .text.api_stop
                0x000000000000fe50        0x6 zephyr/drivers/clock_control/libdrivers__clock_control.a(clock_control_nrf.c.obj)
 .text.async_start
                0x000000000000fe56       0x5c zephyr/drivers/clock_control/libdrivers__clock_control.a(clock_control_nrf.c.obj)
 .text.api_start
                0x000000000000feb2        0xe zephyr/drivers/clock_control/libdrivers__clock_control.a(clock_control_nrf.c.obj)
 .text.onoff_started_callback
                0x000000000000fec0       0x12 zephyr/drivers/clock_control/libdrivers__clock_control.a(clock_control_nrf.c.obj)
 .text.hfclkaudio_start
                0x000000000000fed2        0x6 zephyr/drivers/clock_control/libdrivers__clock_control.a(clock_control_nrf.c.obj)
 .text.hfclk192m_start
                0x000000000000fed8        0x6 zephyr/drivers/clock_control/libdrivers__clock_control.a(clock_control_nrf.c.obj)
 .text.lfclk_start
                0x000000000000fede        0x6 zephyr/drivers/clock_control/libdrivers__clock_control.a(clock_control_nrf.c.obj)
 .text.hfclkaudio_stop
                0x000000000000fee4        0x6 zephyr/drivers/clock_control/libdrivers__clock_control.a(clock_control_nrf.c.obj)
 .text.hfclk192m_stop
                0x000000000000feea        0x6 zephyr/drivers/clock_control/libdrivers__clock_control.a(clock_control_nrf.c.obj)
 .text.lfclk_stop
                0x000000000000fef0        0x6 zephyr/drivers/clock_control/libdrivers__clock_control.a(clock_control_nrf.c.obj)
 .text.blocking_start_callback
                0x000000000000fef6        0x6 zephyr/drivers/clock_control/libdrivers__clock_control.a(clock_control_nrf.c.obj)
 .text.entropy_psa_crypto_rng_get_entropy
                0x000000000000fefc       0x14 zephyr/drivers/entropy/libdrivers__entropy.a(entropy_psa_crypto.c.obj)
 .text.entropy_psa_crypto_rng_init
                0x000000000000ff10       0x10 zephyr/drivers/entropy/libdrivers__entropy.a(entropy_psa_crypto.c.obj)
 .text.qspi_handler
                0x000000000000ff20        0xc zephyr/drivers/flash/libdrivers__flash.a(nrf_qspi_nor.c.obj)
 .text.z_log_msg_runtime_create.constprop.0
                0x000000000000ff2c       0x1e zephyr/drivers/flash/libdrivers__flash.a(nrf_qspi_nor.c.obj)
 .text.qspi_trans_lock.isra.0
                0x000000000000ff4a        0xc zephyr/drivers/flash/libdrivers__flash.a(nrf_qspi_nor.c.obj)
 .text.qspi_nor_write_protection_set
                0x000000000000ff56       0x2a zephyr/drivers/flash/libdrivers__flash.a(nrf_qspi_nor.c.obj)
 .text.qspi_rdsr.constprop.0
                0x000000000000ff80       0x36 zephyr/drivers/flash/libdrivers__flash.a(nrf_qspi_nor.c.obj)
 .text.is_regular_addr_valid
                0x000000000000ffb6       0x22 zephyr/drivers/flash/libdrivers__flash.a(soc_flash_nrf.c.obj)
 .text.z_log_msg_runtime_create.constprop.0
                0x000000000000ffd8       0x20 zephyr/drivers/flash/libdrivers__flash.a(soc_flash_nrf.c.obj)
 .text.flash_get_page_info
                0x000000000000fff8       0x62 zephyr/drivers/flash/libdrivers__flash.a(flash_page_layout.c.obj)
 .text.z_impl_flash_get_page_info_by_offs
                0x000000000001005a        0x8 zephyr/drivers/flash/libdrivers__flash.a(flash_page_layout.c.obj)
                0x000000000001005a                z_impl_flash_get_page_info_by_offs
 .text.gpio_nrfx_port_get_raw
                0x0000000000010062        0xc zephyr/drivers/gpio/libdrivers__gpio.a(gpio_nrfx.c.obj)
 .text.gpio_nrfx_port_set_masked_raw
                0x000000000001006e       0x14 zephyr/drivers/gpio/libdrivers__gpio.a(gpio_nrfx.c.obj)
 .text.gpio_nrfx_port_set_bits_raw
                0x0000000000010082        0xa zephyr/drivers/gpio/libdrivers__gpio.a(gpio_nrfx.c.obj)
 .text.gpio_nrfx_port_clear_bits_raw
                0x000000000001008c        0xa zephyr/drivers/gpio/libdrivers__gpio.a(gpio_nrfx.c.obj)
 .text.gpio_nrfx_port_toggle_bits
                0x0000000000010096       0x14 zephyr/drivers/gpio/libdrivers__gpio.a(gpio_nrfx.c.obj)
 .text.gpio_nrfx_manage_callback
                0x00000000000100aa       0x52 zephyr/drivers/gpio/libdrivers__gpio.a(gpio_nrfx.c.obj)
 .text.mbox_nrf_register_callback
                0x00000000000100fc       0x1c zephyr/drivers/mbox/libdrivers__mbox.a(mbox_nrfx_ipc.c.obj)
 .text.mbox_nrf_mtu_get
                0x0000000000010118        0x4 zephyr/drivers/mbox/libdrivers__mbox.a(mbox_nrfx_ipc.c.obj)
 .text.mbox_nrf_max_channels_get
                0x000000000001011c        0x4 zephyr/drivers/mbox/libdrivers__mbox.a(mbox_nrfx_ipc.c.obj)
 .text.z_log_msg_runtime_create.constprop.0
                0x0000000000010120       0x20 zephyr/drivers/mbox/libdrivers__mbox.a(mbox_nrfx_ipc.c.obj)
 .text.pinctrl_lookup_state
                0x0000000000010140       0x26 zephyr/drivers/pinctrl/libdrivers__pinctrl.a(common.c.obj)
                0x0000000000010140                pinctrl_lookup_state
 .text.uarte_nrfx_config_get
                0x0000000000010166       0x10 zephyr/drivers/serial/libdrivers__serial.a(uart_nrfx_uarte.c.obj)
 .text.uarte_nrfx_err_check
                0x0000000000010176        0xe zephyr/drivers/serial/libdrivers__serial.a(uart_nrfx_uarte.c.obj)
 .text.uarte_nrfx_poll_in
                0x0000000000010184       0x28 zephyr/drivers/serial/libdrivers__serial.a(uart_nrfx_uarte.c.obj)
 .text.is_tx_ready.isra.0
                0x00000000000101ac       0x20 zephyr/drivers/serial/libdrivers__serial.a(uart_nrfx_uarte.c.obj)
 .text.uarte_nrfx_isr_int
                0x00000000000101cc       0x72 zephyr/drivers/serial/libdrivers__serial.a(uart_nrfx_uarte.c.obj)
 .text.sys_clock_idle_exit
                0x000000000001023e        0x2 zephyr/drivers/timer/libdrivers__timer.a(sys_clock_init.c.obj)
                0x000000000001023e                sys_clock_idle_exit
 .text.event_clear
                0x0000000000010240       0x18 zephyr/drivers/timer/libdrivers__timer.a(nrf_rtc_timer.c.obj)
 .text.z_nrf_rtc_timer_capture_task_address_get
                0x0000000000010258       0x12 zephyr/drivers/timer/libdrivers__timer.a(nrf_rtc_timer.c.obj)
                0x0000000000010258                z_nrf_rtc_timer_capture_task_address_get
 .text.z_nrf_rtc_timer_set
                0x000000000001026a        0x4 zephyr/drivers/timer/libdrivers__timer.a(nrf_rtc_timer.c.obj)
                0x000000000001026a                z_nrf_rtc_timer_set
 .text.sys_clock_cycle_get_32
                0x000000000001026e        0x8 zephyr/drivers/timer/libdrivers__timer.a(nrf_rtc_timer.c.obj)
                0x000000000001026e                sys_clock_cycle_get_32
 .text.ns_interface_init
                0x0000000000010276        0x4 modules/trusted-firmware-m/libtfm_api.a(interface.c.obj)
 .text.psa_crypto_init
                0x000000000001027a        0x4 modules/trusted-firmware-m/libtfm_api.a(tfm_crypto_api.c.obj)
                0x000000000001027a                psa_crypto_init
 .text.tfm_platform_mem_read
                0x000000000001027e       0x30 modules/trusted-firmware-m/libtfm_api.a(tfm_ioctl_core_ns_api.c.obj)
                0x000000000001027e                tfm_platform_mem_read
 .text.SystemInit
                0x00000000000102ae        0x2 modules/hal_nordic/nrfx/libmodules__hal_nordic__nrfx.a(system_nrf5340_application.c.obj)
                0x00000000000102ae                SystemInit
 .text.nrfx_isr
                0x00000000000102b0        0x2 modules/hal_nordic/nrfx/libmodules__hal_nordic__nrfx.a(nrfx_glue.c.obj)
                0x00000000000102b0                nrfx_isr
 .text.nrfx_busy_wait
                0x00000000000102b2        0x4 modules/hal_nordic/nrfx/libmodules__hal_nordic__nrfx.a(nrfx_glue.c.obj)
                0x00000000000102b2                nrfx_busy_wait
 .text.nrfx_clock_stop
                0x00000000000102b6        0x4 modules/hal_nordic/nrfx/libmodules__hal_nordic__nrfx.a(nrfx_clock.c.obj)
                0x00000000000102b6                nrfx_clock_stop
 .text.nrf_gpio_reconfigure
                0x00000000000102ba       0x92 modules/hal_nordic/nrfx/libmodules__hal_nordic__nrfx.a(nrfx_gpiote.c.obj)
 .text.nrf_gpio_cfg_sense_set
                0x000000000001034c       0x1e modules/hal_nordic/nrfx/libmodules__hal_nordic__nrfx.a(nrfx_gpiote.c.obj)
 .text.nrfx_nvmc_flash_size_get
                0x000000000001036a        0x6 modules/hal_nordic/nrfx/libmodules__hal_nordic__nrfx.a(nrfx_nvmc.c.obj)
                0x000000000001036a                nrfx_nvmc_flash_size_get
 .text.nrfx_nvmc_flash_page_size_get
                0x0000000000010370        0x6 modules/hal_nordic/nrfx/libmodules__hal_nordic__nrfx.a(nrfx_nvmc.c.obj)
                0x0000000000010370                nrfx_nvmc_flash_page_size_get
 .text.nrfx_nvmc_flash_page_count_get
                0x0000000000010376        0x6 modules/hal_nordic/nrfx/libmodules__hal_nordic__nrfx.a(nrfx_nvmc.c.obj)
                0x0000000000010376                nrfx_nvmc_flash_page_count_get
 .text.nrf_gpio_cfg_default
                0x000000000001037c        0x6 modules/hal_nordic/nrfx/libmodules__hal_nordic__nrfx.a(nrfx_qspi.c.obj)
 .text.nrfx_qspi_write
                0x0000000000010382        0x6 modules/hal_nordic/nrfx/libmodules__hal_nordic__nrfx.a(nrfx_qspi.c.obj)
                0x0000000000010382                nrfx_qspi_write
 .text.nrfx_qspi_read
                0x0000000000010388        0x6 modules/hal_nordic/nrfx/libmodules__hal_nordic__nrfx.a(nrfx_qspi.c.obj)
                0x0000000000010388                nrfx_qspi_read
 .text.nrfx_qspi_chip_erase
                0x000000000001038e        0x8 modules/hal_nordic/nrfx/libmodules__hal_nordic__nrfx.a(nrfx_qspi.c.obj)
                0x000000000001038e                nrfx_qspi_chip_erase
 .text.z_device_state_init
                0x0000000000010396        0x2 zephyr/kernel/libkernel.a(device.c.obj)
                0x0000000000010396                z_device_state_init
 .text.z_device_is_ready
                0x0000000000010398       0x16 zephyr/kernel/libkernel.a(device.c.obj)
                0x0000000000010398                z_device_is_ready
 .text.z_log_msg_runtime_create.constprop.0
                0x00000000000103ae       0x20 zephyr/kernel/libkernel.a(fatal.c.obj)
 .text.z_early_memset
                0x00000000000103ce        0x4 zephyr/kernel/libkernel.a(init.c.obj)
                0x00000000000103ce                z_early_memset
 .text.z_early_memcpy
                0x00000000000103d2        0x4 zephyr/kernel/libkernel.a(init.c.obj)
                0x00000000000103d2                z_early_memcpy
 .text.k_is_in_isr
                0x00000000000103d6        0xc zephyr/kernel/libkernel.a(thread.c.obj)
                0x00000000000103d6                k_is_in_isr
 .text.k_thread_name_get
                0x00000000000103e2        0x4 zephyr/kernel/libkernel.a(thread.c.obj)
                0x00000000000103e2                k_thread_name_get
 .text.z_pm_save_idle_exit
                0x00000000000103e6        0xe zephyr/kernel/libkernel.a(idle.c.obj)
                0x00000000000103e6                z_pm_save_idle_exit
 .text.adjust_owner_prio.isra.0
                0x00000000000103f4       0x10 zephyr/kernel/libkernel.a(mutex.c.obj)
 .text.z_impl_k_mutex_init
                0x0000000000010404        0xe zephyr/kernel/libkernel.a(mutex.c.obj)
                0x0000000000010404                z_impl_k_mutex_init
 .text.z_impl_k_sem_init
                0x0000000000010412       0x18 zephyr/kernel/libkernel.a(sem.c.obj)
                0x0000000000010412                z_impl_k_sem_init
 .text.sys_dlist_remove
                0x000000000001042a       0x10 zephyr/kernel/libkernel.a(sched.c.obj)
 .text.unpend_thread_no_timeout
                0x000000000001043a       0x14 zephyr/kernel/libkernel.a(sched.c.obj)
 .text.add_to_waitq_locked
                0x000000000001044e       0x50 zephyr/kernel/libkernel.a(sched.c.obj)
 .text.z_ready_thread
                0x000000000001049e       0x20 zephyr/kernel/libkernel.a(sched.c.obj)
                0x000000000001049e                z_ready_thread
 .text.z_sched_wake_thread
                0x00000000000104be       0x44 zephyr/kernel/libkernel.a(sched.c.obj)
                0x00000000000104be                z_sched_wake_thread
 .text.z_thread_timeout
                0x0000000000010502        0x8 zephyr/kernel/libkernel.a(sched.c.obj)
                0x0000000000010502                z_thread_timeout
 .text.z_unpend_first_thread
                0x000000000001050a       0x38 zephyr/kernel/libkernel.a(sched.c.obj)
                0x000000000001050a                z_unpend_first_thread
 .text.z_reschedule_irqlock
                0x0000000000010542       0x18 zephyr/kernel/libkernel.a(sched.c.obj)
                0x0000000000010542                z_reschedule_irqlock
 .text.z_reschedule_unlocked
                0x000000000001055a       0x14 zephyr/kernel/libkernel.a(sched.c.obj)
 .text.z_abort_timeout
                0x000000000001056e       0x2c zephyr/kernel/libkernel.a(timeout.c.obj)
                0x000000000001056e                z_abort_timeout
 .text.z_get_next_timeout_expiry
                0x000000000001059a       0x20 zephyr/kernel/libkernel.a(timeout.c.obj)
                0x000000000001059a                z_get_next_timeout_expiry
 .text.sys_clock_tick_get_32
                0x00000000000105ba        0x8 zephyr/kernel/libkernel.a(timeout.c.obj)
                0x00000000000105ba                sys_clock_tick_get_32
 .text.z_impl_k_busy_wait
                0x00000000000105c2        0x8 zephyr/kernel/libkernel.a(timeout.c.obj)
                0x00000000000105c2                z_impl_k_busy_wait
 .text._OffsetAbsSyms
                0x00000000000105ca        0x2 zephyr/CMakeFiles/offsets.dir/./arch/arm/core/offsets/offsets.c.obj
                0x00000000000105ca                _OffsetAbsSyms
 *(SORT_BY_ALIGNMENT(.TEXT.*))
 *(SORT_BY_ALIGNMENT(.gnu.linkonce.t.*))
 *(SORT_BY_ALIGNMENT(.glue_7t))
 .glue_7t       0x00000000000105cc        0x0 linker stubs
 *(SORT_BY_ALIGNMENT(.glue_7))
 .glue_7        0x00000000000105cc        0x0 linker stubs
 *(SORT_BY_ALIGNMENT(.vfp11_veneer))
 .vfp11_veneer  0x00000000000105cc        0x0 linker stubs
 *(SORT_BY_ALIGNMENT(.v4_bx))
 .v4_bx         0x00000000000105cc        0x0 linker stubs
                0x00000000000105cc                . = ALIGN (0x4)
                0x00000000000105cc                __text_region_end = .

.ARM.exidx      0x00000000000105cc        0x8
                0x00000000000105cc                __exidx_start = .
 *(SORT_BY_ALIGNMENT(.ARM.exidx*) SORT_BY_ALIGNMENT(gnu.linkonce.armexidx.*))
 .ARM.exidx     0x00000000000105cc        0x8 c:/ncs/toolchains/31f4403e35/opt/zephyr-sdk/arm-zephyr-eabi/bin/../lib/gcc/arm-zephyr-eabi/12.2.0/thumb/v8-m.main/nofp\libgcc.a(_udivmoddi4.o)
                0x00000000000105d4                __exidx_end = .
                0x00000000000105d4                __rodata_region_start = .

initlevel       0x00000000000105d4       0x70
                0x00000000000105d4                __init_start = .
                0x00000000000105d4                __init_EARLY_start = .
 *(SORT_BY_NAME(SORT_BY_ALIGNMENT(.z_init_EARLY[0-9]_*)))
 *(SORT_BY_NAME(SORT_BY_ALIGNMENT(.z_init_EARLY[1-9][0-9]_*)))
                0x00000000000105d4                __init_PRE_KERNEL_1_start = .
 *(SORT_BY_NAME(SORT_BY_ALIGNMENT(.z_init_PRE_KERNEL_1[0-9]_*)))
 .z_init_PRE_KERNEL_10_
                0x00000000000105d4        0x8 zephyr/libzephyr.a(soc.c.obj)
 *(SORT_BY_NAME(SORT_BY_ALIGNMENT(.z_init_PRE_KERNEL_1[1-9][0-9]_*)))
 .z_init_PRE_KERNEL_130_
                0x00000000000105dc        0x8 zephyr/drivers/clock_control/libdrivers__clock_control.a(clock_control_nrf.c.obj)
 .z_init_PRE_KERNEL_140_
                0x00000000000105e4       0x10 zephyr/drivers/gpio/libdrivers__gpio.a(gpio_nrfx.c.obj)
 .z_init_PRE_KERNEL_150_
                0x00000000000105f4        0x8 zephyr/drivers/entropy/libdrivers__entropy.a(entropy_psa_crypto.c.obj)
 .z_init_PRE_KERNEL_155_
                0x00000000000105fc        0x8 zephyr/drivers/serial/libdrivers__serial.a(uart_nrfx_uarte.c.obj)
 .z_init_PRE_KERNEL_160_
                0x0000000000010604        0x8 zephyr/drivers/console/libdrivers__console.a(uart_console.c.obj)
                0x000000000001060c                __init_PRE_KERNEL_2_start = .
 *(SORT_BY_NAME(SORT_BY_ALIGNMENT(.z_init_PRE_KERNEL_2[0-9]_*)))
 .z_init_PRE_KERNEL_20_
                0x000000000001060c        0x8 zephyr/drivers/timer/libdrivers__timer.a(nrf_rtc_timer.c.obj)
 *(SORT_BY_NAME(SORT_BY_ALIGNMENT(.z_init_PRE_KERNEL_2[1-9][0-9]_*)))
                0x0000000000010614                __init_POST_KERNEL_start = .
 *(SORT_BY_NAME(SORT_BY_ALIGNMENT(.z_init_POST_KERNEL[0-9]_*)))
 .z_init_POST_KERNEL0_
                0x0000000000010614        0x8 zephyr/libzephyr.a(log_core.c.obj)
 *(SORT_BY_NAME(SORT_BY_ALIGNMENT(.z_init_POST_KERNEL[1-9][0-9]_*)))
 .z_init_POST_KERNEL40_
                0x000000000001061c        0x8 modules/trusted-firmware-m/libtfm_api.a(interface.c.obj)
 .z_init_POST_KERNEL50_
                0x0000000000010624        0x8 zephyr/drivers/flash/libdrivers__flash.a(soc_flash_nrf.c.obj)
 .z_init_POST_KERNEL50_
                0x000000000001062c        0x8 zephyr/drivers/mbox/libdrivers__mbox.a(mbox_nrfx_ipc.c.obj)
 .z_init_POST_KERNEL80_
                0x0000000000010634        0x8 zephyr/drivers/flash/libdrivers__flash.a(nrf_qspi_nor.c.obj)
 .z_init_POST_KERNEL90_
                0x000000000001063c        0x8 zephyr/libzephyr.a(sync_rtc.c.obj)
                0x0000000000010644                __init_APPLICATION_start = .
 *(SORT_BY_NAME(SORT_BY_ALIGNMENT(.z_init_APPLICATION[0-9]_*)))
 *(SORT_BY_NAME(SORT_BY_ALIGNMENT(.z_init_APPLICATION[1-9][0-9]_*)))
                0x0000000000010644                __init_SMP_start = .
 *(SORT_BY_NAME(SORT_BY_ALIGNMENT(.z_init_SMP[0-9]_*)))
 *(SORT_BY_NAME(SORT_BY_ALIGNMENT(.z_init_SMP[1-9][0-9]_*)))
                0x0000000000010644                __init_end = .

devices         0x0000000000010644       0xc0
                0x0000000000010644                __device_start = .
                0x0000000000010644                __device_EARLY_start = .
 *(SORT_BY_NAME(SORT_BY_ALIGNMENT(.z_device_EARLY[0-9]_*)))
 *(SORT_BY_NAME(SORT_BY_ALIGNMENT(.z_device_EARLY[1-9][0-9]_*)))
                0x0000000000010644                __device_PRE_KERNEL_1_start = .
 *(SORT_BY_NAME(SORT_BY_ALIGNMENT(.z_device_PRE_KERNEL_1[0-9]_*)))
 *(SORT_BY_NAME(SORT_BY_ALIGNMENT(.z_device_PRE_KERNEL_1[1-9][0-9]_*)))
 .z_device_PRE_KERNEL_130_
                0x0000000000010644       0x18 zephyr/drivers/clock_control/libdrivers__clock_control.a(clock_control_nrf.c.obj)
                0x0000000000010644                __device_dts_ord_70
 .z_device_PRE_KERNEL_140_
                0x000000000001065c       0x30 zephyr/drivers/gpio/libdrivers__gpio.a(gpio_nrfx.c.obj)
                0x000000000001065c                __device_dts_ord_30
                0x0000000000010674                __device_dts_ord_10
 .z_device_PRE_KERNEL_150_
                0x000000000001068c       0x18 zephyr/drivers/entropy/libdrivers__entropy.a(entropy_psa_crypto.c.obj)
                0x000000000001068c                __device_dts_ord_6
 .z_device_PRE_KERNEL_155_
                0x00000000000106a4       0x18 zephyr/drivers/serial/libdrivers__serial.a(uart_nrfx_uarte.c.obj)
                0x00000000000106a4                __device_dts_ord_110
                0x00000000000106bc                __device_PRE_KERNEL_2_start = .
 *(SORT_BY_NAME(SORT_BY_ALIGNMENT(.z_device_PRE_KERNEL_2[0-9]_*)))
 *(SORT_BY_NAME(SORT_BY_ALIGNMENT(.z_device_PRE_KERNEL_2[1-9][0-9]_*)))
                0x00000000000106bc                __device_POST_KERNEL_start = .
 *(SORT_BY_NAME(SORT_BY_ALIGNMENT(.z_device_POST_KERNEL[0-9]_*)))
 *(SORT_BY_NAME(SORT_BY_ALIGNMENT(.z_device_POST_KERNEL[1-9][0-9]_*)))
 .z_device_POST_KERNEL50_
                0x00000000000106bc       0x18 zephyr/drivers/flash/libdrivers__flash.a(soc_flash_nrf.c.obj)
                0x00000000000106bc                __device_dts_ord_118
 .z_device_POST_KERNEL50_
                0x00000000000106d4       0x18 zephyr/drivers/mbox/libdrivers__mbox.a(mbox_nrfx_ipc.c.obj)
                0x00000000000106d4                __device_dts_ord_22
 .z_device_POST_KERNEL80_
                0x00000000000106ec       0x18 zephyr/drivers/flash/libdrivers__flash.a(nrf_qspi_nor.c.obj)
                0x00000000000106ec                __device_dts_ord_131
                0x0000000000010704                __device_APPLICATION_start = .
 *(SORT_BY_NAME(SORT_BY_ALIGNMENT(.z_device_APPLICATION[0-9]_*)))
 *(SORT_BY_NAME(SORT_BY_ALIGNMENT(.z_device_APPLICATION[1-9][0-9]_*)))
                0x0000000000010704                __device_SMP_start = .
 *(SORT_BY_NAME(SORT_BY_ALIGNMENT(.z_device_SMP[0-9]_*)))
 *(SORT_BY_NAME(SORT_BY_ALIGNMENT(.z_device_SMP[1-9][0-9]_*)))
                0x0000000000010704                __device_end = .

sw_isr_table    0x0000000000010704      0x228
                0x0000000000010704                . = ALIGN (0x4)
 *(SORT_BY_ALIGNMENT(.gnu.linkonce.sw_isr_table*))
 .gnu.linkonce.sw_isr_table
                0x0000000000010704      0x228 zephyr/arch/common/libisr_tables.a(isr_tables.c.obj)
                0x0000000000010704                _sw_isr_table

initlevel_error
                0x00000000000105d4        0x0
 *(SORT_BY_NAME(SORT_BY_ALIGNMENT(.z_init_[_A-Z0-9]*)))
                0x0000000000000001                ASSERT ((SIZEOF (initlevel_error) == 0x0), Undefined initialization levels used.)

app_shmem_regions
                0x000000000001092c        0x0
                0x000000000001092c                __app_shmem_regions_start = .
 *(SORT_BY_NAME(SORT_BY_ALIGNMENT(.app_regions.*)))
                0x000000000001092c                __app_shmem_regions_end = .

k_p4wq_initparam_area
                0x000000000001092c        0x0
                0x000000000001092c                _k_p4wq_initparam_list_start = .
 *(SORT_BY_NAME(SORT_BY_ALIGNMENT(._k_p4wq_initparam.static.*)))
                0x000000000001092c                _k_p4wq_initparam_list_end = .

_static_thread_data_area
                0x000000000001092c        0x0
                0x000000000001092c                __static_thread_data_list_start = .
 *(SORT_BY_NAME(SORT_BY_ALIGNMENT(.__static_thread_data.static.*)))
                0x000000000001092c                __static_thread_data_list_end = .

device_handles  0x000000000001092c       0x30
                0x000000000001092c                __device_handles_start = .
 *(SORT_BY_NAME(SORT_BY_ALIGNMENT(.__device_handles_pass2*)))
 .__device_handles_pass2
                0x000000000001092c       0x30 zephyr/CMakeFiles/zephyr_pre1.dir/dev_handles.c.obj
                0x000000000001092c                __devicehdl_dts_ord_131
                0x0000000000010932                __devicehdl_dts_ord_22
                0x0000000000010938                __devicehdl_dts_ord_118
                0x000000000001093e                __devicehdl_dts_ord_110
                0x0000000000010944                __devicehdl_dts_ord_6
                0x000000000001094a                __devicehdl_dts_ord_10
                0x0000000000010950                __devicehdl_dts_ord_30
                0x0000000000010956                __devicehdl_dts_ord_70
                0x000000000001095c                __device_handles_end = .

ztest           0x000000000001095c        0x0
                0x000000000001095c                _ztest_expected_result_entry_list_start = .
 *(SORT_BY_NAME(SORT_BY_ALIGNMENT(._ztest_expected_result_entry.static.*)))
                0x000000000001095c                _ztest_expected_result_entry_list_end = .
                0x000000000001095c                _ztest_suite_node_list_start = .
 *(SORT_BY_NAME(SORT_BY_ALIGNMENT(._ztest_suite_node.static.*)))
                0x000000000001095c                _ztest_suite_node_list_end = .
                0x000000000001095c                _ztest_unit_test_list_start = .
 *(SORT_BY_NAME(SORT_BY_ALIGNMENT(._ztest_unit_test.static.*)))
                0x000000000001095c                _ztest_unit_test_list_end = .
                0x000000000001095c                _ztest_test_rule_list_start = .
 *(SORT_BY_NAME(SORT_BY_ALIGNMENT(._ztest_test_rule.static.*)))
                0x000000000001095c                _ztest_test_rule_list_end = .

bt_l2cap_fixed_chan_area
                0x000000000001095c        0x0
                0x000000000001095c                _bt_l2cap_fixed_chan_list_start = .
 *(SORT_BY_NAME(SORT_BY_ALIGNMENT(._bt_l2cap_fixed_chan.static.*)))
                0x000000000001095c                _bt_l2cap_fixed_chan_list_end = .

bt_gatt_service_static_area
                0x000000000001095c        0x0
                0x000000000001095c                _bt_gatt_service_static_list_start = .
 *(SORT_BY_NAME(SORT_BY_ALIGNMENT(._bt_gatt_service_static.static.*)))
                0x000000000001095c                _bt_gatt_service_static_list_end = .

log_strings_sections
                0x000000000001095c        0x0
                0x000000000001095c                __log_strings_start = .
 *(SORT_BY_NAME(SORT_BY_ALIGNMENT(.log_strings*)))
                0x000000000001095c                __log_strings_end = .

log_const_sections
                0x000000000001095c       0xa8
                0x000000000001095c                __log_const_start = .
 *(SORT_BY_NAME(SORT_BY_ALIGNMENT(.log_const_*)))
 .log_const_NRFX_CLOCK
                0x000000000001095c        0x8 modules/hal_nordic/nrfx/libmodules__hal_nordic__nrfx.a(nrfx_clock.c.obj)
                0x000000000001095c                log_const_NRFX_CLOCK
 .log_const_NRFX_DPPI
                0x0000000000010964        0x8 modules/hal_nordic/nrfx/libmodules__hal_nordic__nrfx.a(nrfx_dppi.c.obj)
                0x0000000000010964                log_const_NRFX_DPPI
 .log_const_NRFX_GPIOTE
                0x000000000001096c        0x8 modules/hal_nordic/nrfx/libmodules__hal_nordic__nrfx.a(nrfx_gpiote.c.obj)
                0x000000000001096c                log_const_NRFX_GPIOTE
 .log_const_cbprintf_package
                0x0000000000010974        0x8 zephyr/libzephyr.a(cbprintf_packaged.c.obj)
                0x0000000000010974                log_const_cbprintf_package
 .log_const_clock_control
                0x000000000001097c        0x8 zephyr/drivers/clock_control/libdrivers__clock_control.a(clock_control_nrf.c.obj)
                0x000000000001097c                log_const_clock_control
 .log_const_fatal_error
                0x0000000000010984        0x8 modules/nrf/lib/fatal_error/lib..__nrf__lib__fatal_error.a(fatal_error.c.obj)
                0x0000000000010984                log_const_fatal_error
 .log_const_flash_nrf
                0x000000000001098c        0x8 zephyr/drivers/flash/libdrivers__flash.a(soc_flash_nrf.c.obj)
                0x000000000001098c                log_const_flash_nrf
 .log_const_fs_nvs
                0x0000000000010994        0x8 zephyr/libzephyr.a(nvs.c.obj)
                0x0000000000010994                log_const_fs_nvs
 .log_const_log
                0x000000000001099c        0x8 zephyr/libzephyr.a(log_core.c.obj)
                0x000000000001099c                log_const_log
 .log_const_log_mgmt
                0x00000000000109a4        0x8 zephyr/libzephyr.a(log_mgmt.c.obj)
                0x00000000000109a4                log_const_log_mgmt
 .log_const_log_uart
                0x00000000000109ac        0x8 zephyr/libzephyr.a(log_backend_uart.c.obj)
                0x00000000000109ac                log_const_log_uart
 .log_const_main
                0x00000000000109b4        0x8 app/libapp.a(main.c.obj)
                0x00000000000109b4                log_const_main
 .log_const_mbox_nrfx_ipc
                0x00000000000109bc        0x8 zephyr/drivers/mbox/libdrivers__mbox.a(mbox_nrfx_ipc.c.obj)
                0x00000000000109bc                log_const_mbox_nrfx_ipc
 .log_const_memory_manager
                0x00000000000109c4        0x8 app/libapp.a(memory_manager.c.obj)
                0x00000000000109c4                log_const_memory_manager
 .log_const_mpu
                0x00000000000109cc        0x8 zephyr/arch/arch/arm/core/aarch32/mpu/libarch__arm__core__aarch32__mpu.a(arm_core_mpu.c.obj)
                0x00000000000109cc                log_const_mpu
 .log_const_os  0x00000000000109d4        0x8 zephyr/kernel/libkernel.a(init.c.obj)
                0x00000000000109d4                log_const_os
 .log_const_pm  0x00000000000109dc        0x8 zephyr/libzephyr.a(pm.c.obj)
                0x00000000000109dc                log_const_pm
 .log_const_qspi_nor
                0x00000000000109e4        0x8 zephyr/drivers/flash/libdrivers__flash.a(nrf_qspi_nor.c.obj)
                0x00000000000109e4                log_const_qspi_nor
 .log_const_soc
                0x00000000000109ec        0x8 zephyr/libzephyr.a(soc.c.obj)
                0x00000000000109ec                log_const_soc
 .log_const_sync_rtc
                0x00000000000109f4        0x8 zephyr/libzephyr.a(sync_rtc.c.obj)
                0x00000000000109f4                log_const_sync_rtc
 .log_const_uart_nrfx_uarte
                0x00000000000109fc        0x8 zephyr/drivers/serial/libdrivers__serial.a(uart_nrfx_uarte.c.obj)
                0x00000000000109fc                log_const_uart_nrfx_uarte
                0x0000000000010a04                __log_const_end = .

log_backend_area
                0x0000000000010a04       0x10
                0x0000000000010a04                _log_backend_list_start = .
 *(SORT_BY_NAME(SORT_BY_ALIGNMENT(._log_backend.static.*)))
 ._log_backend.static.log_backend_uart
                0x0000000000010a04       0x10 zephyr/libzephyr.a(log_backend_uart.c.obj)
                0x0000000000010a14                _log_backend_list_end = .

log_link_area   0x0000000000010a14        0x0
                0x0000000000010a14                _log_link_list_start = .
 *(SORT_BY_NAME(SORT_BY_ALIGNMENT(._log_link.static.*)))
                0x0000000000010a14                _log_link_list_end = .

tracing_backend_area
                0x0000000000010a14        0x0
                0x0000000000010a14                _tracing_backend_list_start = .
 *(SORT_BY_NAME(SORT_BY_ALIGNMENT(._tracing_backend.static.*)))
                0x0000000000010a14                _tracing_backend_list_end = .

zephyr_dbg_info
 *(SORT_BY_ALIGNMENT(.dbg_thread_info))

symbol_to_keep  0x0000000000010a14        0x0
                0x0000000000010a14                __symbol_to_keep_start = .
 *(SORT_BY_NAME(SORT_BY_ALIGNMENT(.symbol_to_keep*)))
                0x0000000000010a14                __symbol_to_keep_end = .

shell_area      0x0000000000010a14        0x0
                0x0000000000010a14                _shell_list_start = .
 *(SORT_BY_NAME(SORT_BY_ALIGNMENT(._shell.static.*)))
                0x0000000000010a14                _shell_list_end = .

shell_root_cmds_sections
                0x0000000000010a14        0x0
                0x0000000000010a14                __shell_root_cmds_start = .
 *(SORT_BY_NAME(SORT_BY_ALIGNMENT(.shell_root_cmd_*)))
                0x0000000000010a14                __shell_root_cmds_end = .

shell_subcmds_sections
                0x0000000000010a14        0x0
                0x0000000000010a14                __shell_subcmds_start = .
 *(SORT_BY_NAME(SORT_BY_ALIGNMENT(.shell_subcmd_*)))
                0x0000000000010a14                __shell_subcmds_end = .

shell_dynamic_subcmds_sections
                0x0000000000010a14        0x0
                0x0000000000010a14                __shell_dynamic_subcmds_start = .
 *(SORT_BY_NAME(SORT_BY_ALIGNMENT(.shell_dynamic_subcmd_*)))
                0x0000000000010a14                __shell_dynamic_subcmds_end = .

font_entry_sections
                0x0000000000010a14        0x0
                0x0000000000010a14                __font_entry_start = .
 *(SORT_BY_NAME(SORT_BY_ALIGNMENT(._cfb_font.*)))
                0x0000000000010a14                __font_entry_end = .

rodata          0x0000000000010a20     0x1048
 *(SORT_BY_ALIGNMENT(.rodata))
 .rodata        0x0000000000010a20        0xc app/libapp.a(main.c.obj)
 *(SORT_BY_ALIGNMENT(.rodata.*))
 *fill*         0x0000000000010a2c        0x4 
 .rodata.delay_machine_code.0
                0x0000000000010a30        0x6 zephyr/libzephyr.a(soc.c.obj)
 *fill*         0x0000000000010a36        0x2 
 .rodata.format_table
                0x0000000000010a38       0x10 zephyr/libzephyr.a(log_core.c.obj)
 .rodata.colors
                0x0000000000010a48       0x14 zephyr/libzephyr.a(log_output.c.obj)
 .rodata.severity
                0x0000000000010a5c       0x14 zephyr/libzephyr.a(log_output.c.obj)
 .rodata.log_backend_uart_api
                0x0000000000010a70       0x1c zephyr/libzephyr.a(log_backend_uart.c.obj)
                0x0000000000010a70                log_backend_uart_api
 .rodata.log_output_uart
                0x0000000000010a8c       0x10 zephyr/libzephyr.a(log_backend_uart.c.obj)
 .rodata.pmstates_DT_N_S_cpus_S_cpu_0
                0x0000000000010a9c        0x0 zephyr/libzephyr.a(state.c.obj)
 .rodata.static_regions
                0x0000000000010a9c        0xc zephyr/arch/arch/arm/core/aarch32/mpu/libarch__arm__core__aarch32__mpu.a(arm_core_mpu.c.obj)
 .rodata.mpu_config
                0x0000000000010aa8        0x8 zephyr/soc/arm/common/cortex_m/libsoc__arm__common__cortex_m.a(arm_mpu_regions.c.obj)
                0x0000000000010aa8                mpu_config
 .rodata.mpu_regions
                0x0000000000010ab0       0x20 zephyr/soc/arm/common/cortex_m/libsoc__arm__common__cortex_m.a(arm_mpu_regions.c.obj)
 .rodata.transitions.0
                0x0000000000010ad0        0xc zephyr/drivers/clock_control/libdrivers__clock_control.a(clock_control_nrf.c.obj)
 .rodata.config
                0x0000000000010adc       0x30 zephyr/drivers/clock_control/libdrivers__clock_control.a(clock_control_nrf.c.obj)
 .rodata.clock_control_api
                0x0000000000010b0c       0x1c zephyr/drivers/clock_control/libdrivers__clock_control.a(clock_control_nrf.c.obj)
 .rodata.entropy_psa_crypto_rng_api
                0x0000000000010b28        0x8 zephyr/drivers/entropy/libdrivers__entropy.a(entropy_psa_crypto.c.obj)
 .rodata.qspi_flash_parameters.0
                0x0000000000010b30        0x8 zephyr/drivers/flash/libdrivers__flash.a(nrf_qspi_nor.c.obj)
 .rodata.qspi_nor_dev_config
                0x0000000000010b38       0x24 zephyr/drivers/flash/libdrivers__flash.a(nrf_qspi_nor.c.obj)
 .rodata.__pinctrl_dev_config__device_dts_ord_130
                0x0000000000010b5c        0xc zephyr/drivers/flash/libdrivers__flash.a(nrf_qspi_nor.c.obj)
 .rodata.__pinctrl_states__device_dts_ord_130
                0x0000000000010b68        0x8 zephyr/drivers/flash/libdrivers__flash.a(nrf_qspi_nor.c.obj)
 .rodata.__pinctrl_state_pins_0__device_dts_ord_130
                0x0000000000010b70       0x18 zephyr/drivers/flash/libdrivers__flash.a(nrf_qspi_nor.c.obj)
 .rodata.qspi_nor_api
                0x0000000000010b88       0x14 zephyr/drivers/flash/libdrivers__flash.a(nrf_qspi_nor.c.obj)
 .rodata.dev_layout
                0x0000000000010b9c        0x8 zephyr/drivers/flash/libdrivers__flash.a(nrf_qspi_nor.c.obj)
 .rodata.flash_nrf_api
                0x0000000000010ba4       0x14 zephyr/drivers/flash/libdrivers__flash.a(soc_flash_nrf.c.obj)
 .rodata.flash_nrf_parameters
                0x0000000000010bb8        0x8 zephyr/drivers/flash/libdrivers__flash.a(soc_flash_nrf.c.obj)
 .rodata.gpio_nrfx_p1_cfg
                0x0000000000010bc0       0x10 zephyr/drivers/gpio/libdrivers__gpio.a(gpio_nrfx.c.obj)
 .rodata.gpio_nrfx_p0_cfg
                0x0000000000010bd0       0x10 zephyr/drivers/gpio/libdrivers__gpio.a(gpio_nrfx.c.obj)
 .rodata.gpio_nrfx_drv_api_funcs
                0x0000000000010be0       0x24 zephyr/drivers/gpio/libdrivers__gpio.a(gpio_nrfx.c.obj)
 .rodata.mbox_nrf_driver_api
                0x0000000000010c04       0x14 zephyr/drivers/mbox/libdrivers__mbox.a(mbox_nrfx_ipc.c.obj)
 .rodata.uarte_0z_config
                0x0000000000010c18       0x10 zephyr/drivers/serial/libdrivers__serial.a(uart_nrfx_uarte.c.obj)
 .rodata.__pinctrl_dev_config__device_dts_ord_110
                0x0000000000010c28        0xc zephyr/drivers/serial/libdrivers__serial.a(uart_nrfx_uarte.c.obj)
 .rodata.__pinctrl_states__device_dts_ord_110
                0x0000000000010c34        0x8 zephyr/drivers/serial/libdrivers__serial.a(uart_nrfx_uarte.c.obj)
 .rodata.__pinctrl_state_pins_0__device_dts_ord_110
                0x0000000000010c3c       0x10 zephyr/drivers/serial/libdrivers__serial.a(uart_nrfx_uarte.c.obj)
 .rodata.uart_nrfx_uarte_driver_api
                0x0000000000010c4c       0x14 zephyr/drivers/serial/libdrivers__serial.a(uart_nrfx_uarte.c.obj)
 .rodata._k_neg_eagain
                0x0000000000010c60        0x4 zephyr/kernel/libkernel.a(errno.c.obj)
                0x0000000000010c60                _k_neg_eagain
 .rodata.CSWTCH.10
                0x0000000000010c64       0x14 zephyr/kernel/libkernel.a(fatal.c.obj)
 .rodata.levels.0
                0x0000000000010c78       0x18 zephyr/kernel/libkernel.a(init.c.obj)
 .rodata.CSWTCH.77
                0x0000000000010c90       0x16 zephyr/drivers/flash/libdrivers__flash.a(nrf_qspi_nor.c.obj)
 .rodata.main.str1.1
                0x0000000000010ca6       0x98 app/libapp.a(main.c.obj)
 .rodata.__func__.0
                0x0000000000010d3e        0x5 app/libapp.a(main.c.obj)
 .rodata.str1.1